
     Program PWSCF v.6.5 starts on 16Apr2020 at 21:38:35 

     This program is part of the open-source Quantum ESPRESSO suite
     for quantum simulation of materials; please cite
         "P. Giannozzi et al., J. Phys.:Condens. Matter 21 395502 (2009);
         "P. Giannozzi et al., J. Phys.:Condens. Matter 29 465901 (2017);
          URL http://www.quantum-espresso.org", 
     in publications or presentations arising from this work. More details at
     http://www.quantum-espresso.org/quote

     Parallel version (MPI), running on     8 processors

     MPI processes distributed on     1 nodes
     R & G space division:  proc/nbgrp/npool/nimage =       8
     Reading input from /wrk/kfg/julia_data/MgS/dimer.in_vnscf_coords_7/qe.in
Warning: card &IONS ignored
Warning: card   ION_DYNAMICS='BFGS', ignored
Warning: card / ignored
Warning: card &CELL ignored
Warning: card  CELL_DYNAMICS = 'BFGS' ignored
Warning: card  CELL_DOFREE = 'ALL' ignored
Warning: card  CELL_FACTOR = 1.0 ignored
Warning: card / ignored
     Message from routine read_cards :
     DEPRECATED: no units specified in CELL_PARAMETERS card

     Current dimensions of program PWSCF are:
     Max number of different atomic species (ntypx) = 10
     Max number of k-points (npk) =  40000
     Max angular momentum in pseudopotentials (lmaxx) =  3
               file mg.pbesol.UPF: wavefunction(s)  3P renormalized

     Subspace diagonalization in iterative solution of the eigenvalue problem:
     one sub-group per band group will be used
     scalapack distributed-memory algorithm (size of sub-group:  2*  2 procs)

     Message from routine setup:
     using ibrav=0 with symmetry is DISCOURAGED, use correct ibrav instead
 
     Parallelization info
     --------------------
     sticks:   dense  smooth     PW     G-vecs:    dense   smooth      PW
     Min         487     350     97                32720    19990    2917
     Max         490     351     98                32721    19993    2920
     Sum        3909    2801    777               261761   159925   23349
 


     bravais-lattice index     =            0
     lattice parameter (alat)  =      14.0000  a.u.
     unit-cell volume          =    3920.0000 (a.u.)^3
     number of atoms/cell      =            2
     number of atomic types    =            2
     number of electrons       =        16.00
     number of Kohn-Sham states=           12
     kinetic-energy cutoff     =      45.0000  Ry
     charge density cutoff     =     250.0000  Ry
     convergence threshold     =      1.0E-09
     mixing beta               =       0.3000
     number of iterations used =            8  local-TF  mixing
     Exchange-correlation= SLA  PW   PSX  PSC
                           (   1   4  10   8   0   0   0)
     A smooth kinetic-energy cutoff is imposed at      44.5000 Ry
     height of the smooth step-function =             800.0000 Ry
     width of the smooth step-function  =               1.0000 Ry


     celldm(1)=  14.000000  celldm(2)=   0.000000  celldm(3)=   0.000000
     celldm(4)=   0.000000  celldm(5)=   0.000000  celldm(6)=   0.000000

     crystal axes: (cart. coord. in units of alat)
               a(1) = (   1.000000   0.000000   0.000000 )  
               a(2) = (   0.000000   1.000000   0.000000 )  
               a(3) = (   0.000000   0.000000   1.428571 )  

     reciprocal axes: (cart. coord. in units 2 pi/alat)
               b(1) = (  1.000000  0.000000  0.000000 )  
               b(2) = (  0.000000  1.000000  0.000000 )  
               b(3) = (  0.000000  0.000000  0.700000 )  


     PseudoPot. # 1 for Mg read from file:
     /home/kfg/psuedo/gbrv_1.5/mg.pbesol.UPF
     MD5 check sum: cbba17e5274afd115179030b10be074e
     Pseudo is Ultrasoft, Zval = 10.0
     Generated by new atomic code, or converted to UPF format
     Using radial grid of  821 points,  7 beta functions with: 
                l(1) =   0
                l(2) =   0
                l(3) =   0
                l(4) =   1
                l(5) =   1
                l(6) =   2
                l(7) =   2
     Q(r) pseudized with  8 coefficients,  rinner =    1.200   1.200   1.200
                                                       1.200   1.200

     PseudoPot. # 2 for S  read from file:
     /home/kfg/psuedo/gbrv_1.5/s.pbesol.UPF
     MD5 check sum: 0ccfa86ec6eb59065d10aaae963ef2a7
     Pseudo is Ultrasoft + core correction, Zval =  6.0
     Generated by new atomic code, or converted to UPF format
     Using radial grid of  907 points,  6 beta functions with: 
                l(1) =   0
                l(2) =   0
                l(3) =   1
                l(4) =   1
                l(5) =   2
                l(6) =   2
     Q(r) pseudized with  8 coefficients,  rinner =    1.300   1.300   1.300
                                                       1.300   1.300

     atomic species   valence    mass     pseudopotential
        Mg            10.00    24.31000     Mg( 1.00)
        S              6.00    32.06000     S ( 1.00)

      8 Sym. Ops. (no inversion) found


                                    s                        frac. trans.

      isym =  1     identity                                     

 cryst.   s( 1) = (     1          0          0      )
                  (     0          1          0      )
                  (     0          0          1      )

 cart.    s( 1) = (  1.0000000  0.0000000  0.0000000 )
                  (  0.0000000  1.0000000  0.0000000 )
                  (  0.0000000  0.0000000  1.0000000 )


      isym =  2     180 deg rotation - cart. axis [0,0,1]        

 cryst.   s( 2) = (    -1          0          0      )
                  (     0         -1          0      )
                  (     0          0          1      )

 cart.    s( 2) = ( -1.0000000  0.0000000  0.0000000 )
                  (  0.0000000 -1.0000000  0.0000000 )
                  (  0.0000000  0.0000000  1.0000000 )


      isym =  3      90 deg rotation - cart. axis [0,0,-1]       

 cryst.   s( 3) = (     0         -1          0      )
                  (     1          0          0      )
                  (     0          0          1      )

 cart.    s( 3) = (  0.0000000  1.0000000  0.0000000 )
                  ( -1.0000000  0.0000000  0.0000000 )
                  (  0.0000000  0.0000000  1.0000000 )


      isym =  4      90 deg rotation - cart. axis [0,0,1]        

 cryst.   s( 4) = (     0          1          0      )
                  (    -1          0          0      )
                  (     0          0          1      )

 cart.    s( 4) = (  0.0000000 -1.0000000  0.0000000 )
                  (  1.0000000  0.0000000  0.0000000 )
                  (  0.0000000  0.0000000  1.0000000 )


      isym =  5     inv. 180 deg rotation - cart. axis [0,1,0]   

 cryst.   s( 5) = (     1          0          0      )
                  (     0         -1          0      )
                  (     0          0          1      )

 cart.    s( 5) = (  1.0000000  0.0000000  0.0000000 )
                  (  0.0000000 -1.0000000  0.0000000 )
                  (  0.0000000  0.0000000  1.0000000 )


      isym =  6     inv. 180 deg rotation - cart. axis [1,0,0]   

 cryst.   s( 6) = (    -1          0          0      )
                  (     0          1          0      )
                  (     0          0          1      )

 cart.    s( 6) = ( -1.0000000  0.0000000  0.0000000 )
                  (  0.0000000  1.0000000  0.0000000 )
                  (  0.0000000  0.0000000  1.0000000 )


      isym =  7     inv. 180 deg rotation - cart. axis [1,1,0]   

 cryst.   s( 7) = (     0         -1          0      )
                  (    -1          0          0      )
                  (     0          0          1      )

 cart.    s( 7) = (  0.0000000 -1.0000000  0.0000000 )
                  ( -1.0000000  0.0000000  0.0000000 )
                  (  0.0000000  0.0000000  1.0000000 )


      isym =  8     inv. 180 deg rotation - cart. axis [1,-1,0]  

 cryst.   s( 8) = (     0          1          0      )
                  (     1          0          0      )
                  (     0          0          1      )

 cart.    s( 8) = (  0.0000000  1.0000000  0.0000000 )
                  (  1.0000000  0.0000000  0.0000000 )
                  (  0.0000000  0.0000000  1.0000000 )


   Cartesian axes

     site n.     atom                  positions (alat units)
         1           Mg  tau(   1) = (   0.0000000   0.0000000  -0.1545191  )
         2           S   tau(   2) = (   0.0000000   0.0000000   0.1545191  )

   Crystallographic axes

     site n.     atom                  positions (cryst. coord.)
         1           Mg  tau(   1) = (  0.0000000  0.0000000 -0.1081634  )
         2           S   tau(   2) = (  0.0000000  0.0000000  0.1081634  )

     number of k points=    18  Gaussian smearing, width (Ry)=  0.0100
                       cart. coord. in units 2pi/alat
        k(    1) = (   0.0000000   0.0000000   0.0000000), wk =   0.0312500
        k(    2) = (   0.0000000   0.0000000   0.1750000), wk =   0.0625000
        k(    3) = (   0.0000000   0.0000000  -0.3500000), wk =   0.0312500
        k(    4) = (   0.0000000   0.2500000   0.0000000), wk =   0.1250000
        k(    5) = (   0.0000000   0.2500000   0.1750000), wk =   0.2500000
        k(    6) = (   0.0000000   0.2500000  -0.3500000), wk =   0.1250000
        k(    7) = (   0.0000000  -0.5000000   0.0000000), wk =   0.0625000
        k(    8) = (   0.0000000  -0.5000000   0.1750000), wk =   0.1250000
        k(    9) = (   0.0000000  -0.5000000  -0.3500000), wk =   0.0625000
        k(   10) = (   0.2500000   0.2500000   0.0000000), wk =   0.1250000
        k(   11) = (   0.2500000   0.2500000   0.1750000), wk =   0.2500000
        k(   12) = (   0.2500000   0.2500000  -0.3500000), wk =   0.1250000
        k(   13) = (   0.2500000  -0.5000000   0.0000000), wk =   0.1250000
        k(   14) = (   0.2500000  -0.5000000   0.1750000), wk =   0.2500000
        k(   15) = (   0.2500000  -0.5000000  -0.3500000), wk =   0.1250000
        k(   16) = (  -0.5000000  -0.5000000   0.0000000), wk =   0.0312500
        k(   17) = (  -0.5000000  -0.5000000   0.1750000), wk =   0.0625000
        k(   18) = (  -0.5000000  -0.5000000  -0.3500000), wk =   0.0312500

                       cryst. coord.
        k(    1) = (   0.0000000   0.0000000   0.0000000), wk =   0.0312500
        k(    2) = (   0.0000000   0.0000000   0.2500000), wk =   0.0625000
        k(    3) = (   0.0000000   0.0000000  -0.5000000), wk =   0.0312500
        k(    4) = (   0.0000000   0.2500000   0.0000000), wk =   0.1250000
        k(    5) = (   0.0000000   0.2500000   0.2500000), wk =   0.2500000
        k(    6) = (   0.0000000   0.2500000  -0.5000000), wk =   0.1250000
        k(    7) = (   0.0000000  -0.5000000   0.0000000), wk =   0.0625000
        k(    8) = (   0.0000000  -0.5000000   0.2500000), wk =   0.1250000
        k(    9) = (   0.0000000  -0.5000000  -0.5000000), wk =   0.0625000
        k(   10) = (   0.2500000   0.2500000   0.0000000), wk =   0.1250000
        k(   11) = (   0.2500000   0.2500000   0.2500000), wk =   0.2500000
        k(   12) = (   0.2500000   0.2500000  -0.5000000), wk =   0.1250000
        k(   13) = (   0.2500000  -0.5000000   0.0000000), wk =   0.1250000
        k(   14) = (   0.2500000  -0.5000000   0.2500000), wk =   0.2500000
        k(   15) = (   0.2500000  -0.5000000  -0.5000000), wk =   0.1250000
        k(   16) = (  -0.5000000  -0.5000000   0.0000000), wk =   0.0312500
        k(   17) = (  -0.5000000  -0.5000000   0.2500000), wk =   0.0625000
        k(   18) = (  -0.5000000  -0.5000000  -0.5000000), wk =   0.0312500

     Dense  grid:   261761 G-vectors     FFT dimensions: (  72,  72, 108)

     Smooth grid:   159925 G-vectors     FFT dimensions: (  60,  60,  90)

     Dynamical RAM for                 wfc:       0.46 MB

     Dynamical RAM for     wfc (w. buffer):       8.69 MB

     Dynamical RAM for           str. fact:       1.00 MB

     Dynamical RAM for           local pot:       0.00 MB

     Dynamical RAM for          nlocal pot:       1.41 MB

     Dynamical RAM for                qrad:       7.53 MB

     Dynamical RAM for          rho,v,vnew:       3.16 MB

     Dynamical RAM for               rhoin:       1.05 MB

     Dynamical RAM for            rho*nmix:       7.99 MB

     Dynamical RAM for           G-vectors:       2.02 MB

     Dynamical RAM for          h,s,v(r/c):       0.03 MB

     Dynamical RAM for          <psi|beta>:       0.01 MB

     Dynamical RAM for                 psi:       1.83 MB

     Dynamical RAM for                hpsi:       1.83 MB

     Dynamical RAM for                spsi:       1.83 MB

     Dynamical RAM for      wfcinit/wfcrot:       0.92 MB

     Dynamical RAM for           addusdens:     102.85 MB

     Dynamical RAM for          addusforce:     104.61 MB

     Dynamical RAM for         addusstress:     109.84 MB

     Estimated static dynamical RAM per process >      37.12 MB

     Estimated max dynamical RAM per process >     146.96 MB

     Estimated total dynamical RAM >       1.15 GB

     Initial potential from superposition of free atoms

     starting charge   15.69974, renormalised to   16.00000

     negative rho (up, down):  2.969E-05 0.000E+00
     Starting wfcs are   12 randomized atomic wfcs

     total cpu time spent up to now is        1.7 secs

     Self-consistent Calculation

     iteration #  1     ecut=    45.00 Ry     beta= 0.30
     Davidson diagonalization with overlap
     ethr =  1.00E-02,  avg # of iterations =  4.8

     negative rho (up, down):  1.665E-04 0.000E+00

     total cpu time spent up to now is        6.4 secs

     total energy              =    -149.08681314 Ry
     Harris-Foulkes estimate   =    -149.17567956 Ry
     estimated scf accuracy    <       0.75577167 Ry

     iteration #  2     ecut=    45.00 Ry     beta= 0.30
     Davidson diagonalization with overlap
     ethr =  4.72E-03,  avg # of iterations =  1.0

     negative rho (up, down):  1.485E-02 0.000E+00

     total cpu time spent up to now is        9.3 secs

     total energy              =    -148.85068111 Ry
     Harris-Foulkes estimate   =    -149.09696888 Ry
     estimated scf accuracy    <       0.52270140 Ry

     iteration #  3     ecut=    45.00 Ry     beta= 0.30
     Davidson diagonalization with overlap
     ethr =  3.27E-03,  avg # of iterations =  1.8

     negative rho (up, down):  1.033E-02 0.000E+00

     total cpu time spent up to now is       12.4 secs

     total energy              =    -148.92672867 Ry
     Harris-Foulkes estimate   =    -148.95974421 Ry
     estimated scf accuracy    <       0.12636896 Ry

     iteration #  4     ecut=    45.00 Ry     beta= 0.30
     Davidson diagonalization with overlap
     ethr =  7.90E-04,  avg # of iterations =  2.0

     negative rho (up, down):  2.686E-02 0.000E+00

     total cpu time spent up to now is       15.4 secs

     total energy              =    -148.92168625 Ry
     Harris-Foulkes estimate   =    -148.96846150 Ry
     estimated scf accuracy    <       0.10731445 Ry

     iteration #  5     ecut=    45.00 Ry     beta= 0.30
     Davidson diagonalization with overlap
     ethr =  6.71E-04,  avg # of iterations =  1.7

     negative rho (up, down):  2.059E-02 0.000E+00

     total cpu time spent up to now is       18.2 secs

     total energy              =    -148.93563174 Ry
     Harris-Foulkes estimate   =    -148.93744150 Ry
     estimated scf accuracy    <       0.01434704 Ry

     iteration #  6     ecut=    45.00 Ry     beta= 0.30
     Davidson diagonalization with overlap
     ethr =  8.97E-05,  avg # of iterations =  5.1

     negative rho (up, down):  1.607E-02 0.000E+00

     total cpu time spent up to now is       22.9 secs

     total energy              =    -148.93690874 Ry
     Harris-Foulkes estimate   =    -148.93724716 Ry
     estimated scf accuracy    <       0.00203077 Ry

     iteration #  7     ecut=    45.00 Ry     beta= 0.30
     Davidson diagonalization with overlap
     ethr =  1.27E-05,  avg # of iterations =  3.8

     negative rho (up, down):  3.630E-03 0.000E+00

     total cpu time spent up to now is       27.0 secs

     total energy              =    -148.93620276 Ry
     Harris-Foulkes estimate   =    -148.93765750 Ry
     estimated scf accuracy    <       0.00730256 Ry

     iteration #  8     ecut=    45.00 Ry     beta= 0.30
     Davidson diagonalization with overlap
     ethr =  1.27E-05,  avg # of iterations =  3.3

     negative rho (up, down):  2.546E-03 0.000E+00

     total cpu time spent up to now is       31.0 secs

     total energy              =    -148.93742888 Ry
     Harris-Foulkes estimate   =    -148.93743227 Ry
     estimated scf accuracy    <       0.00136016 Ry

     iteration #  9     ecut=    45.00 Ry     beta= 0.30
     Davidson diagonalization with overlap
     ethr =  8.50E-06,  avg # of iterations =  1.0

     negative rho (up, down):  2.637E-04 0.000E+00

     total cpu time spent up to now is       34.3 secs

     total energy              =    -148.93725856 Ry
     Harris-Foulkes estimate   =    -148.93743583 Ry
     estimated scf accuracy    <       0.00158454 Ry

     iteration # 10     ecut=    45.00 Ry     beta= 0.30
     Davidson diagonalization with overlap
     ethr =  8.50E-06,  avg # of iterations =  4.7

     negative rho (up, down):  6.367E-05 0.000E+00

     total cpu time spent up to now is       38.8 secs

     total energy              =    -148.93721800 Ry
     Harris-Foulkes estimate   =    -148.93728525 Ry
     estimated scf accuracy    <       0.00059761 Ry

     iteration # 11     ecut=    45.00 Ry     beta= 0.30
     Davidson diagonalization with overlap
     ethr =  3.74E-06,  avg # of iterations =  1.1

     negative rho (up, down):  1.943E-05 0.000E+00

     total cpu time spent up to now is       43.1 secs

     total energy              =    -148.93722191 Ry
     Harris-Foulkes estimate   =    -148.93723762 Ry
     estimated scf accuracy    <       0.00009331 Ry

     iteration # 12     ecut=    45.00 Ry     beta= 0.30
     Davidson diagonalization with overlap
     ethr =  5.83E-07,  avg # of iterations =  1.0

     negative rho (up, down):  1.876E-05 0.000E+00

     total cpu time spent up to now is       47.1 secs

     total energy              =    -148.93723093 Ry
     Harris-Foulkes estimate   =    -148.93723023 Ry
     estimated scf accuracy    <       0.00000156 Ry

     iteration # 13     ecut=    45.00 Ry     beta= 0.30
     Davidson diagonalization with overlap
     ethr =  9.72E-09,  avg # of iterations =  3.5

     negative rho (up, down):  2.326E-05 0.000E+00

     total cpu time spent up to now is       51.2 secs

     total energy              =    -148.93723170 Ry
     Harris-Foulkes estimate   =    -148.93723153 Ry
     estimated scf accuracy    <       0.00000096 Ry

     iteration # 14     ecut=    45.00 Ry     beta= 0.30
     Davidson diagonalization with overlap
     ethr =  5.99E-09,  avg # of iterations =  2.1

     negative rho (up, down):  3.347E-05 0.000E+00

     total cpu time spent up to now is       54.7 secs

     total energy              =    -148.93723176 Ry
     Harris-Foulkes estimate   =    -148.93723180 Ry
     estimated scf accuracy    <       0.00000017 Ry

     iteration # 15     ecut=    45.00 Ry     beta= 0.30
     Davidson diagonalization with overlap
     ethr =  1.08E-09,  avg # of iterations =  2.9

     negative rho (up, down):  3.653E-05 0.000E+00

     total cpu time spent up to now is       58.2 secs

     total energy              =    -148.93723176 Ry
     Harris-Foulkes estimate   =    -148.93723181 Ry
     estimated scf accuracy    <       0.00000041 Ry

     iteration # 16     ecut=    45.00 Ry     beta= 0.30
     Davidson diagonalization with overlap
     ethr =  1.08E-09,  avg # of iterations =  1.1

     negative rho (up, down):  3.771E-05 0.000E+00

     total cpu time spent up to now is       61.4 secs

     total energy              =    -148.93723178 Ry
     Harris-Foulkes estimate   =    -148.93723180 Ry
     estimated scf accuracy    <       0.00000002 Ry

     iteration # 17     ecut=    45.00 Ry     beta= 0.30
     Davidson diagonalization with overlap
     ethr =  1.19E-10,  avg # of iterations =  2.6

     negative rho (up, down):  3.781E-05 0.000E+00

     total cpu time spent up to now is       65.1 secs

     total energy              =    -148.93723179 Ry
     Harris-Foulkes estimate   =    -148.93723179 Ry
     estimated scf accuracy    <       0.00000002 Ry

     iteration # 18     ecut=    45.00 Ry     beta= 0.30
     Davidson diagonalization with overlap
     ethr =  1.19E-10,  avg # of iterations =  2.0

     negative rho (up, down):  3.805E-05 0.000E+00

     total cpu time spent up to now is       68.4 secs

     total energy              =    -148.93723179 Ry
     Harris-Foulkes estimate   =    -148.93723179 Ry
     estimated scf accuracy    <          6.2E-09 Ry

     iteration # 19     ecut=    45.00 Ry     beta= 0.30
     Davidson diagonalization with overlap
     ethr =  3.85E-11,  avg # of iterations =  1.3

     negative rho (up, down):  3.808E-05 0.000E+00

     total cpu time spent up to now is       70.3 secs

     End of self-consistent calculation

          k = 0.0000 0.0000 0.0000 ( 19923 PWs)   bands (ev):

   -80.5962 -47.5569 -47.5569 -47.5183 -14.1224  -5.8607  -4.0376  -4.0376
    -3.7286  -0.5597  -0.5597   0.2052

     occupation numbers 
     1.0000   1.0000   1.0000   1.0000   1.0000   1.0000   0.9715   0.9715
     0.0954   0.0000   0.0000   0.0000

          k = 0.0000 0.0000 0.1750 ( 19971 PWs)   bands (ev):

   -80.5962 -47.5569 -47.5569 -47.5183 -14.1224  -5.8618  -4.0375  -4.0375
    -3.7221  -0.5625  -0.5625   0.1122

     occupation numbers 
     1.0000   1.0000   1.0000   1.0000   1.0000   1.0000   0.9714   0.9714
     0.0845   0.0000   0.0000   0.0000

          k = 0.0000 0.0000-0.3500 ( 19978 PWs)   bands (ev):

   -80.5962 -47.5569 -47.5569 -47.5183 -14.1224  -5.8629  -4.0374  -4.0374
    -3.7156  -0.5654  -0.5654   0.0239

     occupation numbers 
     1.0000   1.0000   1.0000   1.0000   1.0000   1.0000   0.9714   0.9714
     0.0745   0.0000   0.0000   0.0000

          k = 0.0000 0.2500 0.0000 ( 19968 PWs)   bands (ev):

   -80.5962 -47.5569 -47.5569 -47.5183 -14.1223  -5.8569  -4.0526  -4.0363
    -3.7097  -0.8602  -0.5333   0.5131

     occupation numbers 
     1.0000   1.0000   1.0000   1.0000   1.0000   1.0000   0.9803   0.9706
     0.0662   0.0000   0.0000   0.0000

          k = 0.0000 0.2500 0.1750 ( 19980 PWs)   bands (ev):

   -80.5962 -47.5569 -47.5569 -47.5183 -14.1223  -5.8580  -4.0525  -4.0362
    -3.7036  -0.8632  -0.5361   0.2787

     occupation numbers 
     1.0000   1.0000   1.0000   1.0000   1.0000   1.0000   0.9802   0.9706
     0.0584   0.0000   0.0000   0.0000

          k = 0.0000 0.2500-0.3500 ( 19962 PWs)   bands (ev):

   -80.5962 -47.5569 -47.5569 -47.5183 -14.1223  -5.8590  -4.0523  -4.0361
    -3.6974  -0.8661  -0.5389   0.1686

     occupation numbers 
     1.0000   1.0000   1.0000   1.0000   1.0000   1.0000   0.9801   0.9705
     0.0513   0.0000   0.0000   0.0000

          k = 0.0000-0.5000 0.0000 ( 20022 PWs)   bands (ev):

   -80.5962 -47.5569 -47.5569 -47.5183 -14.1222  -5.8531  -4.0670  -4.0350
    -3.6908  -1.0613  -0.5054   0.6807

     occupation numbers 
     1.0000   1.0000   1.0000   1.0000   1.0000   1.0000   0.9864   0.9697
     0.0445   0.0000   0.0000   0.0000

          k = 0.0000-0.5000 0.1750 ( 19978 PWs)   bands (ev):

   -80.5962 -47.5569 -47.5569 -47.5183 -14.1222  -5.8541  -4.0668  -4.0349
    -3.6849  -1.0650  -0.5081   0.5039

     occupation numbers 
     1.0000   1.0000   1.0000   1.0000   1.0000   1.0000   0.9863   0.9697
     0.0390   0.0000   0.0000   0.0000

          k = 0.0000-0.5000-0.3500 ( 19976 PWs)   bands (ev):

   -80.5962 -47.5569 -47.5569 -47.5183 -14.1222  -5.8551  -4.0666  -4.0348
    -3.6790  -1.0687  -0.5108   0.3912

     occupation numbers 
     1.0000   1.0000   1.0000   1.0000   1.0000   1.0000   0.9863   0.9696
     0.0341   0.0000   0.0000   0.0000

          k = 0.2500 0.2500 0.0000 ( 19983 PWs)   bands (ev):

   -80.5962 -47.5569 -47.5569 -47.5183 -14.1222  -5.8532  -4.0516  -4.0502
    -3.6918  -0.8432  -0.7790   0.6255

     occupation numbers 
     1.0000   1.0000   1.0000   1.0000   1.0000   1.0000   0.9798   0.9791
     0.0455   0.0000   0.0000   0.0000

          k = 0.2500 0.2500 0.1750 ( 19985 PWs)   bands (ev):

   -80.5962 -47.5569 -47.5569 -47.5183 -14.1222  -5.8543  -4.0515  -4.0501
    -3.6860  -0.8461  -0.7824   0.4224

     occupation numbers 
     1.0000   1.0000   1.0000   1.0000   1.0000   1.0000   0.9797   0.9790
     0.0399   0.0000   0.0000   0.0000

          k = 0.2500 0.2500-0.3500 ( 19980 PWs)   bands (ev):

   -80.5962 -47.5569 -47.5569 -47.5183 -14.1222  -5.8553  -4.0513  -4.0500
    -3.6800  -0.8489  -0.7858   0.3083

     occupation numbers 
     1.0000   1.0000   1.0000   1.0000   1.0000   1.0000   0.9796   0.9790
     0.0349   0.0000   0.0000   0.0000

          k = 0.2500-0.5000 0.0000 ( 20020 PWs)   bands (ev):

   -80.5962 -47.5569 -47.5569 -47.5183 -14.1221  -5.8495  -4.0650  -4.0492
    -3.6738  -1.0071  -0.7589   0.7973

     occupation numbers 
     1.0000   1.0000   1.0000   1.0000   1.0000   1.0000   0.9857   0.9785
     0.0302   0.0000   0.0000   0.0000

          k = 0.2500-0.5000 0.1750 ( 19978 PWs)   bands (ev):

   -80.5962 -47.5569 -47.5569 -47.5183 -14.1221  -5.8505  -4.0648  -4.0491
    -3.6682  -1.0109  -0.7623   0.6317

     occupation numbers 
     1.0000   1.0000   1.0000   1.0000   1.0000   1.0000   0.9856   0.9785
     0.0264   0.0000   0.0000   0.0000

          k = 0.2500-0.5000-0.3500 ( 19992 PWs)   bands (ev):

   -80.5962 -47.5569 -47.5569 -47.5183 -14.1221  -5.8515  -4.0646  -4.0490
    -3.6625  -1.0146  -0.7656   0.5191

     occupation numbers 
     1.0000   1.0000   1.0000   1.0000   1.0000   1.0000   0.9855   0.9784
     0.0230   0.0000   0.0000   0.0000

          k =-0.5000-0.5000 0.0000 ( 20028 PWs)   bands (ev):

   -80.5962 -47.5569 -47.5569 -47.5183 -14.1221  -5.8460  -4.0629  -4.0629
    -3.6568  -0.9445  -0.9445   0.9413

     occupation numbers 
     1.0000   1.0000   1.0000   1.0000   1.0000   1.0000   0.9849   0.9849
     0.0200   0.0000   0.0000   0.0000

          k =-0.5000-0.5000 0.1750 ( 19944 PWs)   bands (ev):

   -80.5962 -47.5569 -47.5569 -47.5183 -14.1221  -5.8469  -4.0628  -4.0628
    -3.6514  -0.9485  -0.9485   0.8011

     occupation numbers 
     1.0000   1.0000   1.0000   1.0000   1.0000   1.0000   0.9848   0.9848
     0.0174   0.0000   0.0000   0.0000

          k =-0.5000-0.5000-0.3500 ( 20000 PWs)   bands (ev):

   -80.5962 -47.5569 -47.5569 -47.5183 -14.1221  -5.8479  -4.0626  -4.0626
    -3.6459  -0.9524  -0.9524   0.6943

     occupation numbers 
     1.0000   1.0000   1.0000   1.0000   1.0000   1.0000   0.9848   0.9848
     0.0151   0.0000   0.0000   0.0000

     the Fermi energy is    -3.8545 ev

!    total energy              =    -148.93723181 Ry
     Harris-Foulkes estimate   =    -148.93723179 Ry
     estimated scf accuracy    <          1.2E-10 Ry

     The total energy is the sum of the following terms:

     one-electron contribution =    -206.80052559 Ry
     hartree contribution      =      98.64932104 Ry
     xc contribution           =     -24.63999870 Ry
     ewald contribution        =     -16.14333349 Ry
     smearing contrib. (-TS)   =      -0.00269508 Ry

     convergence has been achieved in  19 iterations

     negative rho (up, down):  3.808E-05 0.000E+00

     Forces acting on atoms (cartesian axes, Ry/au):

     atom    1 type  1   force =     0.00000000    0.00000000    0.05619463
     atom    2 type  2   force =     0.00000000    0.00000000   -0.05619463
     The non-local contrib.  to forces
     atom    1 type  1   force =     0.00000000    0.00000000   -0.90415726
     atom    2 type  2   force =     0.00000000    0.00000000   -0.18030789
     The ionic contribution  to forces
     atom    1 type  1   force =     0.00000000    0.00000000   -6.31644455
     atom    2 type  2   force =     0.00000000    0.00000000    6.31644455
     The local contribution  to forces
     atom    1 type  1   force =     0.00000000    0.00000000    7.27675564
     atom    2 type  2   force =    -0.00000000    0.00000000   -6.20035000
     The core correction contribution to forces
     atom    1 type  1   force =     0.00000000    0.00000000    0.00000000
     atom    2 type  2   force =     0.00000000    0.00000000    0.00801940
     The Hubbard contrib.    to forces
     atom    1 type  1   force =     0.00000000    0.00000000    0.00000000
     atom    2 type  2   force =     0.00000000    0.00000000    0.00000000
     The SCF correction term to forces
     atom    1 type  1   force =     0.00000000    0.00000000    0.00004136
     atom    2 type  2   force =    -0.00000000    0.00000000   -0.00000013

     Total force =     0.079471     Total SCF correction =     0.000041


     Computing stress (Cartesian axis) and pressure


     negative rho (up, down):  3.808E-05 0.000E+00
          total   stress  (Ry/bohr**3)                   (kbar)     P=       -3.09
   0.00000339   0.00000000   0.00000000            0.50        0.00        0.00
   0.00000000   0.00000339   0.00000000            0.00        0.50        0.00
   0.00000000   0.00000000  -0.00006983            0.00        0.00      -10.27

     kinetic stress (kbar)    596.85      0.00      0.00
                                0.00    596.85      0.00
                                0.00      0.00    553.21

     local   stress (kbar)  -1450.20     -0.00     -0.00
                               -0.00  -1450.20      0.00
                               -0.00      0.00  -2154.39

     nonloc. stress (kbar)    329.03      0.00      0.00
                                0.00    329.03      0.00
                                0.00      0.00    326.81

     hartree stress (kbar)   1163.20      0.00      0.00
                                0.00   1163.20     -0.00
                                0.00     -0.00   1375.59

     exc-cor stress (kbar)   -114.53      0.00     -0.00
                                0.00   -114.53      0.00
                               -0.00      0.00   -113.98

     corecor stress (kbar)   -146.72      0.00     -0.00
                                0.00   -146.72     -0.00
                               -0.00     -0.00   -145.97

     ewald   stress (kbar)   -377.13      0.00      0.00
                                0.00   -377.13      0.00
                                0.00      0.00    148.44

     hubbard stress (kbar)      0.00      0.00      0.00
                                0.00      0.00      0.00
                                0.00      0.00      0.00

     london  stress (kbar)      0.00      0.00      0.00
                                0.00      0.00      0.00
                                0.00      0.00      0.00

     DFT-D3  stress (kbar)      0.00      0.00      0.00
                                0.00      0.00      0.00
                                0.00      0.00      0.00

     XDM     stress (kbar)      0.00      0.00      0.00
                                0.00      0.00      0.00
                                0.00      0.00      0.00

     dft-nl  stress (kbar)      0.00      0.00      0.00
                                0.00      0.00      0.00
                                0.00      0.00      0.00

     TS-vdW  stress (kbar)      0.00      0.00      0.00
                                0.00      0.00      0.00
                                0.00      0.00      0.00



     Writing output data file /wrk/kfg/julia_data/MgS/dimer.in_vnscf_coords_7/qe.save/
 
     init_run     :      1.37s CPU      1.51s WALL (       1 calls)
     electrons    :     62.78s CPU     68.58s WALL (       1 calls)
     forces       :      0.73s CPU      0.78s WALL (       1 calls)
     stress       :      2.15s CPU      2.32s WALL (       1 calls)

     Called by init_run:
     wfcinit      :      0.41s CPU      0.45s WALL (       1 calls)
     wfcinit:atom :      0.01s CPU      0.01s WALL (      18 calls)
     wfcinit:wfcr :      0.35s CPU      0.39s WALL (      18 calls)
     potinit      :      0.21s CPU      0.22s WALL (       1 calls)
     hinit0       :      0.48s CPU      0.52s WALL (       1 calls)

     Called by electrons:
     c_bands      :     21.61s CPU     22.90s WALL (      19 calls)
     sum_band     :      9.27s CPU     10.45s WALL (      19 calls)
     v_of_rho     :      1.03s CPU      1.09s WALL (      20 calls)
     v_h          :      0.06s CPU      0.06s WALL (      20 calls)
     v_xc         :      1.07s CPU      1.13s WALL (      22 calls)
     newd         :      3.90s CPU      4.80s WALL (      20 calls)
     mix_rho      :     27.13s CPU     29.51s WALL (      19 calls)

     Called by c_bands:
     init_us_2    :      1.17s CPU      1.19s WALL (     738 calls)
     cegterg      :     17.70s CPU     18.96s WALL (     342 calls)

     Called by sum_band:
     sum_band:bec :      0.00s CPU      0.01s WALL (     342 calls)
     addusdens    :      5.16s CPU      6.07s WALL (      19 calls)

     Called by *egterg:
     h_psi        :     13.75s CPU     14.98s WALL (    1200 calls)
     s_psi        :      0.60s CPU      0.61s WALL (    1200 calls)
     g_psi        :      0.16s CPU      0.16s WALL (     840 calls)
     cdiaghg      :      1.39s CPU      1.41s WALL (    1182 calls)
     cegterg:over :      0.76s CPU      0.77s WALL (     840 calls)
     cegterg:upda :      0.66s CPU      0.66s WALL (     840 calls)
     cegterg:last :      0.25s CPU      0.25s WALL (     342 calls)
     cdiaghg:chol :      0.13s CPU      0.14s WALL (    1182 calls)
     cdiaghg:inve :      0.03s CPU      0.04s WALL (    1182 calls)
     cdiaghg:para :      0.14s CPU      0.15s WALL (    2364 calls)

     Called by h_psi:
     h_psi:calbec :      0.73s CPU      0.79s WALL (    1200 calls)
     vloc_psi     :     12.35s CPU     13.50s WALL (    1200 calls)
     add_vuspsi   :      0.59s CPU      0.61s WALL (    1200 calls)

     General routines
     calbec       :      1.05s CPU      1.12s WALL (    1632 calls)
     fft          :      0.56s CPU      0.64s WALL (     283 calls)
     ffts         :     13.74s CPU     15.81s WALL (   12001 calls)
     fftw         :     13.57s CPU     14.84s WALL (   23268 calls)
     interpolate  :      0.07s CPU      0.08s WALL (      20 calls)
 
     Parallel routines
     fft_scatt_xy :      2.81s CPU      3.14s WALL (   35552 calls)
     fft_scatt_yz :     11.10s CPU     13.04s WALL (   35552 calls)
 
     PWSCF        :   1m 7.20s CPU   1m13.63s WALL

 
   This run was terminated on:  21:39:49  16Apr2020            

=------------------------------------------------------------------------------=
   JOB DONE.
=------------------------------------------------------------------------------=
