
     Program PWSCF v.6.5 starts on 16Apr2020 at 21:35: 7 

     This program is part of the open-source Quantum ESPRESSO suite
     for quantum simulation of materials; please cite
         "P. Giannozzi et al., J. Phys.:Condens. Matter 21 395502 (2009);
         "P. Giannozzi et al., J. Phys.:Condens. Matter 29 465901 (2017);
          URL http://www.quantum-espresso.org", 
     in publications or presentations arising from this work. More details at
     http://www.quantum-espresso.org/quote

     Parallel version (MPI), running on     8 processors

     MPI processes distributed on     1 nodes
     R & G space division:  proc/nbgrp/npool/nimage =       8
     Reading input from /wrk/kfg/julia_data/MgS/dimer.in_vnscf_coords_6/qe.in
Warning: card &IONS ignored
Warning: card   ION_DYNAMICS='BFGS', ignored
Warning: card / ignored
Warning: card &CELL ignored
Warning: card  CELL_DYNAMICS = 'BFGS' ignored
Warning: card  CELL_DOFREE = 'ALL' ignored
Warning: card  CELL_FACTOR = 1.0 ignored
Warning: card / ignored
     Message from routine read_cards :
     DEPRECATED: no units specified in CELL_PARAMETERS card

     Current dimensions of program PWSCF are:
     Max number of different atomic species (ntypx) = 10
     Max number of k-points (npk) =  40000
     Max angular momentum in pseudopotentials (lmaxx) =  3
               file mg.pbesol.UPF: wavefunction(s)  3P renormalized

     Subspace diagonalization in iterative solution of the eigenvalue problem:
     one sub-group per band group will be used
     scalapack distributed-memory algorithm (size of sub-group:  2*  2 procs)

     Message from routine setup:
     using ibrav=0 with symmetry is DISCOURAGED, use correct ibrav instead
 
     Parallelization info
     --------------------
     sticks:   dense  smooth     PW     G-vecs:    dense   smooth      PW
     Min         487     350     97                32720    19990    2917
     Max         490     351     98                32721    19993    2920
     Sum        3909    2801    777               261761   159925   23349
 


     bravais-lattice index     =            0
     lattice parameter (alat)  =      14.0000  a.u.
     unit-cell volume          =    3920.0000 (a.u.)^3
     number of atoms/cell      =            2
     number of atomic types    =            2
     number of electrons       =        16.00
     number of Kohn-Sham states=           12
     kinetic-energy cutoff     =      45.0000  Ry
     charge density cutoff     =     250.0000  Ry
     convergence threshold     =      1.0E-09
     mixing beta               =       0.3000
     number of iterations used =            8  local-TF  mixing
     Exchange-correlation= SLA  PW   PSX  PSC
                           (   1   4  10   8   0   0   0)
     A smooth kinetic-energy cutoff is imposed at      44.5000 Ry
     height of the smooth step-function =             800.0000 Ry
     width of the smooth step-function  =               1.0000 Ry


     celldm(1)=  14.000000  celldm(2)=   0.000000  celldm(3)=   0.000000
     celldm(4)=   0.000000  celldm(5)=   0.000000  celldm(6)=   0.000000

     crystal axes: (cart. coord. in units of alat)
               a(1) = (   1.000000   0.000000   0.000000 )  
               a(2) = (   0.000000   1.000000   0.000000 )  
               a(3) = (   0.000000   0.000000   1.428571 )  

     reciprocal axes: (cart. coord. in units 2 pi/alat)
               b(1) = (  1.000000  0.000000  0.000000 )  
               b(2) = (  0.000000  1.000000  0.000000 )  
               b(3) = (  0.000000  0.000000  0.700000 )  


     PseudoPot. # 1 for Mg read from file:
     /home/kfg/psuedo/gbrv_1.5/mg.pbesol.UPF
     MD5 check sum: cbba17e5274afd115179030b10be074e
     Pseudo is Ultrasoft, Zval = 10.0
     Generated by new atomic code, or converted to UPF format
     Using radial grid of  821 points,  7 beta functions with: 
                l(1) =   0
                l(2) =   0
                l(3) =   0
                l(4) =   1
                l(5) =   1
                l(6) =   2
                l(7) =   2
     Q(r) pseudized with  8 coefficients,  rinner =    1.200   1.200   1.200
                                                       1.200   1.200

     PseudoPot. # 2 for S  read from file:
     /home/kfg/psuedo/gbrv_1.5/s.pbesol.UPF
     MD5 check sum: 0ccfa86ec6eb59065d10aaae963ef2a7
     Pseudo is Ultrasoft + core correction, Zval =  6.0
     Generated by new atomic code, or converted to UPF format
     Using radial grid of  907 points,  6 beta functions with: 
                l(1) =   0
                l(2) =   0
                l(3) =   1
                l(4) =   1
                l(5) =   2
                l(6) =   2
     Q(r) pseudized with  8 coefficients,  rinner =    1.300   1.300   1.300
                                                       1.300   1.300

     atomic species   valence    mass     pseudopotential
        Mg            10.00    24.31000     Mg( 1.00)
        S              6.00    32.06000     S ( 1.00)

      8 Sym. Ops. (no inversion) found


                                    s                        frac. trans.

      isym =  1     identity                                     

 cryst.   s( 1) = (     1          0          0      )
                  (     0          1          0      )
                  (     0          0          1      )

 cart.    s( 1) = (  1.0000000  0.0000000  0.0000000 )
                  (  0.0000000  1.0000000  0.0000000 )
                  (  0.0000000  0.0000000  1.0000000 )


      isym =  2     180 deg rotation - cart. axis [0,0,1]        

 cryst.   s( 2) = (    -1          0          0      )
                  (     0         -1          0      )
                  (     0          0          1      )

 cart.    s( 2) = ( -1.0000000  0.0000000  0.0000000 )
                  (  0.0000000 -1.0000000  0.0000000 )
                  (  0.0000000  0.0000000  1.0000000 )


      isym =  3      90 deg rotation - cart. axis [0,0,-1]       

 cryst.   s( 3) = (     0         -1          0      )
                  (     1          0          0      )
                  (     0          0          1      )

 cart.    s( 3) = (  0.0000000  1.0000000  0.0000000 )
                  ( -1.0000000  0.0000000  0.0000000 )
                  (  0.0000000  0.0000000  1.0000000 )


      isym =  4      90 deg rotation - cart. axis [0,0,1]        

 cryst.   s( 4) = (     0          1          0      )
                  (    -1          0          0      )
                  (     0          0          1      )

 cart.    s( 4) = (  0.0000000 -1.0000000  0.0000000 )
                  (  1.0000000  0.0000000  0.0000000 )
                  (  0.0000000  0.0000000  1.0000000 )


      isym =  5     inv. 180 deg rotation - cart. axis [0,1,0]   

 cryst.   s( 5) = (     1          0          0      )
                  (     0         -1          0      )
                  (     0          0          1      )

 cart.    s( 5) = (  1.0000000  0.0000000  0.0000000 )
                  (  0.0000000 -1.0000000  0.0000000 )
                  (  0.0000000  0.0000000  1.0000000 )


      isym =  6     inv. 180 deg rotation - cart. axis [1,0,0]   

 cryst.   s( 6) = (    -1          0          0      )
                  (     0          1          0      )
                  (     0          0          1      )

 cart.    s( 6) = ( -1.0000000  0.0000000  0.0000000 )
                  (  0.0000000  1.0000000  0.0000000 )
                  (  0.0000000  0.0000000  1.0000000 )


      isym =  7     inv. 180 deg rotation - cart. axis [1,1,0]   

 cryst.   s( 7) = (     0         -1          0      )
                  (    -1          0          0      )
                  (     0          0          1      )

 cart.    s( 7) = (  0.0000000 -1.0000000  0.0000000 )
                  ( -1.0000000  0.0000000  0.0000000 )
                  (  0.0000000  0.0000000  1.0000000 )


      isym =  8     inv. 180 deg rotation - cart. axis [1,-1,0]  

 cryst.   s( 8) = (     0          1          0      )
                  (     1          0          0      )
                  (     0          0          1      )

 cart.    s( 8) = (  0.0000000  1.0000000  0.0000000 )
                  (  1.0000000  0.0000000  0.0000000 )
                  (  0.0000000  0.0000000  1.0000000 )


   Cartesian axes

     site n.     atom                  positions (alat units)
         1           Mg  tau(   1) = (   0.0000000   0.0000000  -0.1487427  )
         2           S   tau(   2) = (   0.0000000   0.0000000   0.1487427  )

   Crystallographic axes

     site n.     atom                  positions (cryst. coord.)
         1           Mg  tau(   1) = (  0.0000000  0.0000000 -0.1041199  )
         2           S   tau(   2) = (  0.0000000  0.0000000  0.1041199  )

     number of k points=    18  Gaussian smearing, width (Ry)=  0.0100
                       cart. coord. in units 2pi/alat
        k(    1) = (   0.0000000   0.0000000   0.0000000), wk =   0.0312500
        k(    2) = (   0.0000000   0.0000000   0.1750000), wk =   0.0625000
        k(    3) = (   0.0000000   0.0000000  -0.3500000), wk =   0.0312500
        k(    4) = (   0.0000000   0.2500000   0.0000000), wk =   0.1250000
        k(    5) = (   0.0000000   0.2500000   0.1750000), wk =   0.2500000
        k(    6) = (   0.0000000   0.2500000  -0.3500000), wk =   0.1250000
        k(    7) = (   0.0000000  -0.5000000   0.0000000), wk =   0.0625000
        k(    8) = (   0.0000000  -0.5000000   0.1750000), wk =   0.1250000
        k(    9) = (   0.0000000  -0.5000000  -0.3500000), wk =   0.0625000
        k(   10) = (   0.2500000   0.2500000   0.0000000), wk =   0.1250000
        k(   11) = (   0.2500000   0.2500000   0.1750000), wk =   0.2500000
        k(   12) = (   0.2500000   0.2500000  -0.3500000), wk =   0.1250000
        k(   13) = (   0.2500000  -0.5000000   0.0000000), wk =   0.1250000
        k(   14) = (   0.2500000  -0.5000000   0.1750000), wk =   0.2500000
        k(   15) = (   0.2500000  -0.5000000  -0.3500000), wk =   0.1250000
        k(   16) = (  -0.5000000  -0.5000000   0.0000000), wk =   0.0312500
        k(   17) = (  -0.5000000  -0.5000000   0.1750000), wk =   0.0625000
        k(   18) = (  -0.5000000  -0.5000000  -0.3500000), wk =   0.0312500

                       cryst. coord.
        k(    1) = (   0.0000000   0.0000000   0.0000000), wk =   0.0312500
        k(    2) = (   0.0000000   0.0000000   0.2500000), wk =   0.0625000
        k(    3) = (   0.0000000   0.0000000  -0.5000000), wk =   0.0312500
        k(    4) = (   0.0000000   0.2500000   0.0000000), wk =   0.1250000
        k(    5) = (   0.0000000   0.2500000   0.2500000), wk =   0.2500000
        k(    6) = (   0.0000000   0.2500000  -0.5000000), wk =   0.1250000
        k(    7) = (   0.0000000  -0.5000000   0.0000000), wk =   0.0625000
        k(    8) = (   0.0000000  -0.5000000   0.2500000), wk =   0.1250000
        k(    9) = (   0.0000000  -0.5000000  -0.5000000), wk =   0.0625000
        k(   10) = (   0.2500000   0.2500000   0.0000000), wk =   0.1250000
        k(   11) = (   0.2500000   0.2500000   0.2500000), wk =   0.2500000
        k(   12) = (   0.2500000   0.2500000  -0.5000000), wk =   0.1250000
        k(   13) = (   0.2500000  -0.5000000   0.0000000), wk =   0.1250000
        k(   14) = (   0.2500000  -0.5000000   0.2500000), wk =   0.2500000
        k(   15) = (   0.2500000  -0.5000000  -0.5000000), wk =   0.1250000
        k(   16) = (  -0.5000000  -0.5000000   0.0000000), wk =   0.0312500
        k(   17) = (  -0.5000000  -0.5000000   0.2500000), wk =   0.0625000
        k(   18) = (  -0.5000000  -0.5000000  -0.5000000), wk =   0.0312500

     Dense  grid:   261761 G-vectors     FFT dimensions: (  72,  72, 108)

     Smooth grid:   159925 G-vectors     FFT dimensions: (  60,  60,  90)

     Dynamical RAM for                 wfc:       0.46 MB

     Dynamical RAM for     wfc (w. buffer):       8.69 MB

     Dynamical RAM for           str. fact:       1.00 MB

     Dynamical RAM for           local pot:       0.00 MB

     Dynamical RAM for          nlocal pot:       1.41 MB

     Dynamical RAM for                qrad:       7.53 MB

     Dynamical RAM for          rho,v,vnew:       3.16 MB

     Dynamical RAM for               rhoin:       1.05 MB

     Dynamical RAM for            rho*nmix:       7.99 MB

     Dynamical RAM for           G-vectors:       2.02 MB

     Dynamical RAM for          h,s,v(r/c):       0.03 MB

     Dynamical RAM for          <psi|beta>:       0.01 MB

     Dynamical RAM for                 psi:       1.83 MB

     Dynamical RAM for                hpsi:       1.83 MB

     Dynamical RAM for                spsi:       1.83 MB

     Dynamical RAM for      wfcinit/wfcrot:       0.92 MB

     Dynamical RAM for           addusdens:     102.85 MB

     Dynamical RAM for          addusforce:     104.61 MB

     Dynamical RAM for         addusstress:     109.84 MB

     Estimated static dynamical RAM per process >      37.12 MB

     Estimated max dynamical RAM per process >     146.96 MB

     Estimated total dynamical RAM >       1.15 GB

     Initial potential from superposition of free atoms

     starting charge   15.69974, renormalised to   16.00000

     negative rho (up, down):  3.188E-05 0.000E+00
     Starting wfcs are   12 randomized atomic wfcs

     total cpu time spent up to now is        1.6 secs

     Self-consistent Calculation

     iteration #  1     ecut=    45.00 Ry     beta= 0.30
     Davidson diagonalization with overlap
     ethr =  1.00E-02,  avg # of iterations =  5.0

     negative rho (up, down):  1.070E-04 0.000E+00

     total cpu time spent up to now is        6.3 secs

     total energy              =    -149.09238362 Ry
     Harris-Foulkes estimate   =    -149.17940117 Ry
     estimated scf accuracy    <       0.72860580 Ry

     iteration #  2     ecut=    45.00 Ry     beta= 0.30
     Davidson diagonalization with overlap
     ethr =  4.55E-03,  avg # of iterations =  1.0

     negative rho (up, down):  1.255E-02 0.000E+00

     total cpu time spent up to now is        9.1 secs

     total energy              =    -148.85916909 Ry
     Harris-Foulkes estimate   =    -149.10285932 Ry
     estimated scf accuracy    <       0.50588489 Ry

     iteration #  3     ecut=    45.00 Ry     beta= 0.30
     Davidson diagonalization with overlap
     ethr =  3.16E-03,  avg # of iterations =  1.8

     negative rho (up, down):  9.285E-03 0.000E+00

     total cpu time spent up to now is       11.8 secs

     total energy              =    -148.93830797 Ry
     Harris-Foulkes estimate   =    -148.96549449 Ry
     estimated scf accuracy    <       0.11192335 Ry

     iteration #  4     ecut=    45.00 Ry     beta= 0.30
     Davidson diagonalization with overlap
     ethr =  7.00E-04,  avg # of iterations =  2.0

     negative rho (up, down):  2.446E-02 0.000E+00

     total cpu time spent up to now is       14.9 secs

     total energy              =    -148.92958412 Ry
     Harris-Foulkes estimate   =    -148.97152780 Ry
     estimated scf accuracy    <       0.08924334 Ry

     iteration #  5     ecut=    45.00 Ry     beta= 0.30
     Davidson diagonalization with overlap
     ethr =  5.58E-04,  avg # of iterations =  2.4

     negative rho (up, down):  1.873E-02 0.000E+00

     total cpu time spent up to now is       17.8 secs

     total energy              =    -148.94312259 Ry
     Harris-Foulkes estimate   =    -148.94425984 Ry
     estimated scf accuracy    <       0.00955200 Ry

     iteration #  6     ecut=    45.00 Ry     beta= 0.30
     Davidson diagonalization with overlap
     ethr =  5.97E-05,  avg # of iterations =  6.0

     negative rho (up, down):  1.153E-02 0.000E+00

     total cpu time spent up to now is       21.8 secs

     total energy              =    -148.94418312 Ry
     Harris-Foulkes estimate   =    -148.94412779 Ry
     estimated scf accuracy    <       0.00173195 Ry

     iteration #  7     ecut=    45.00 Ry     beta= 0.30
     Davidson diagonalization with overlap
     ethr =  1.08E-05,  avg # of iterations =  2.7

     negative rho (up, down):  3.113E-03 0.000E+00

     total cpu time spent up to now is       24.9 secs

     total energy              =    -148.94349770 Ry
     Harris-Foulkes estimate   =    -148.94480431 Ry
     estimated scf accuracy    <       0.00549975 Ry

     iteration #  8     ecut=    45.00 Ry     beta= 0.30
     Davidson diagonalization with overlap
     ethr =  1.08E-05,  avg # of iterations =  3.1

     negative rho (up, down):  1.752E-03 0.000E+00

     total cpu time spent up to now is       29.6 secs

     total energy              =    -148.94447228 Ry
     Harris-Foulkes estimate   =    -148.94442221 Ry
     estimated scf accuracy    <       0.00045969 Ry

     iteration #  9     ecut=    45.00 Ry     beta= 0.30
     Davidson diagonalization with overlap
     ethr =  2.87E-06,  avg # of iterations =  4.6

     negative rho (up, down):  7.021E-05 0.000E+00

     total cpu time spent up to now is       34.5 secs

     total energy              =    -148.94433934 Ry
     Harris-Foulkes estimate   =    -148.94448557 Ry
     estimated scf accuracy    <       0.00086683 Ry

     iteration # 10     ecut=    45.00 Ry     beta= 0.30
     Davidson diagonalization with overlap
     ethr =  2.87E-06,  avg # of iterations =  6.3

     negative rho (up, down):  1.283E-05 0.000E+00

     total cpu time spent up to now is       38.5 secs

     total energy              =    -148.94436335 Ry
     Harris-Foulkes estimate   =    -148.94437565 Ry
     estimated scf accuracy    <       0.00013560 Ry

     iteration # 11     ecut=    45.00 Ry     beta= 0.30
     Davidson diagonalization with overlap
     ethr =  8.48E-07,  avg # of iterations =  2.2

     negative rho (up, down):  2.126E-05 0.000E+00

     total cpu time spent up to now is       42.4 secs

     total energy              =    -148.94436205 Ry
     Harris-Foulkes estimate   =    -148.94436849 Ry
     estimated scf accuracy    <       0.00003637 Ry

     iteration # 12     ecut=    45.00 Ry     beta= 0.30
     Davidson diagonalization with overlap
     ethr =  2.27E-07,  avg # of iterations =  1.7

     negative rho (up, down):  3.273E-05 0.000E+00

     total cpu time spent up to now is       47.0 secs

     total energy              =    -148.94436616 Ry
     Harris-Foulkes estimate   =    -148.94436545 Ry
     estimated scf accuracy    <       0.00000115 Ry

     iteration # 13     ecut=    45.00 Ry     beta= 0.30
     Davidson diagonalization with overlap
     ethr =  7.19E-09,  avg # of iterations =  3.3

     negative rho (up, down):  4.058E-05 0.000E+00

     total cpu time spent up to now is       51.7 secs

     total energy              =    -148.94436589 Ry
     Harris-Foulkes estimate   =    -148.94436648 Ry
     estimated scf accuracy    <       0.00000018 Ry

     iteration # 14     ecut=    45.00 Ry     beta= 0.30
     Davidson diagonalization with overlap
     ethr =  1.14E-09,  avg # of iterations =  3.5

     negative rho (up, down):  4.396E-05 0.000E+00

     total cpu time spent up to now is       55.9 secs

     total energy              =    -148.94436588 Ry
     Harris-Foulkes estimate   =    -148.94436593 Ry
     estimated scf accuracy    <       0.00000012 Ry

     iteration # 15     ecut=    45.00 Ry     beta= 0.30
     Davidson diagonalization with overlap
     ethr =  7.59E-10,  avg # of iterations =  2.4

     negative rho (up, down):  4.576E-05 0.000E+00

     total cpu time spent up to now is       59.1 secs

     total energy              =    -148.94436591 Ry
     Harris-Foulkes estimate   =    -148.94436590 Ry
     estimated scf accuracy    <          6.2E-09 Ry

     iteration # 16     ecut=    45.00 Ry     beta= 0.30
     Davidson diagonalization with overlap
     ethr =  3.88E-11,  avg # of iterations =  3.3

     negative rho (up, down):  4.658E-05 0.000E+00

     total cpu time spent up to now is       64.5 secs

     total energy              =    -148.94436592 Ry
     Harris-Foulkes estimate   =    -148.94436591 Ry
     estimated scf accuracy    <          5.8E-09 Ry

     iteration # 17     ecut=    45.00 Ry     beta= 0.30
     Davidson diagonalization with overlap
     ethr =  3.62E-11,  avg # of iterations =  2.6

     negative rho (up, down):  4.734E-05 0.000E+00

     total cpu time spent up to now is       66.6 secs

     End of self-consistent calculation

          k = 0.0000 0.0000 0.0000 ( 19923 PWs)   bands (ev):

   -80.4768 -47.4315 -47.4315 -47.4153 -14.1267  -5.8369  -4.0424  -4.0424
    -3.6429  -0.4608  -0.4608   0.2264

     occupation numbers 
     1.0000   1.0000   1.0000   1.0000   1.0000   1.0000   0.9907   0.9907
     0.0360   0.0000   0.0000   0.0000

          k = 0.0000 0.0000 0.1750 ( 19971 PWs)   bands (ev):

   -80.4768 -47.4315 -47.4315 -47.4153 -14.1267  -5.8379  -4.0423  -4.0423
    -3.6367  -0.4638  -0.4638   0.1577

     occupation numbers 
     1.0000   1.0000   1.0000   1.0000   1.0000   1.0000   0.9907   0.9907
     0.0312   0.0000   0.0000   0.0000

          k = 0.0000 0.0000-0.3500 ( 19978 PWs)   bands (ev):

   -80.4768 -47.4315 -47.4315 -47.4153 -14.1267  -5.8388  -4.0422  -4.0422
    -3.6305  -0.4668  -0.4668   0.0800

     occupation numbers 
     1.0000   1.0000   1.0000   1.0000   1.0000   1.0000   0.9906   0.9906
     0.0269   0.0000   0.0000   0.0000

          k = 0.0000 0.2500 0.0000 ( 19968 PWs)   bands (ev):

   -80.4768 -47.4315 -47.4315 -47.4153 -14.1266  -5.8333  -4.0575  -4.0411
    -3.6230  -0.7756  -0.4335   0.5429

     occupation numbers 
     1.0000   1.0000   1.0000   1.0000   1.0000   1.0000   0.9940   0.9903
     0.0224   0.0000   0.0000   0.0000

          k = 0.0000 0.2500 0.1750 ( 19980 PWs)   bands (ev):

   -80.4768 -47.4315 -47.4315 -47.4153 -14.1266  -5.8342  -4.0574  -4.0410
    -3.6172  -0.7785  -0.4363   0.3380

     occupation numbers 
     1.0000   1.0000   1.0000   1.0000   1.0000   1.0000   0.9939   0.9903
     0.0194   0.0000   0.0000   0.0000

          k = 0.0000 0.2500-0.3500 ( 19962 PWs)   bands (ev):

   -80.4768 -47.4315 -47.4315 -47.4153 -14.1266  -5.8352  -4.0573  -4.0409
    -3.6112  -0.7814  -0.4392   0.2311

     occupation numbers 
     1.0000   1.0000   1.0000   1.0000   1.0000   1.0000   0.9939   0.9903
     0.0166   0.0000   0.0000   0.0000

          k = 0.0000-0.5000 0.0000 ( 20022 PWs)   bands (ev):

   -80.4768 -47.4315 -47.4315 -47.4153 -14.1265  -5.8297  -4.0721  -4.0398
    -3.6030  -0.9810  -0.4044   0.7680

     occupation numbers 
     1.0000   1.0000   1.0000   1.0000   1.0000   1.0000   0.9961   0.9900
     0.0134   0.0000   0.0000   0.0000

          k = 0.0000-0.5000 0.1750 ( 19978 PWs)   bands (ev):

   -80.4768 -47.4315 -47.4315 -47.4153 -14.1265  -5.8306  -4.0719  -4.0397
    -3.5974  -0.9848  -0.4071   0.5833

     occupation numbers 
     1.0000   1.0000   1.0000   1.0000   1.0000   1.0000   0.9961   0.9900
     0.0115   0.0000   0.0000   0.0000

          k = 0.0000-0.5000-0.3500 ( 19976 PWs)   bands (ev):

   -80.4768 -47.4315 -47.4315 -47.4153 -14.1265  -5.8315  -4.0717  -4.0396
    -3.5917  -0.9885  -0.4098   0.4711

     occupation numbers 
     1.0000   1.0000   1.0000   1.0000   1.0000   1.0000   0.9961   0.9899
     0.0099   0.0000   0.0000   0.0000

          k = 0.2500 0.2500 0.0000 ( 19983 PWs)   bands (ev):

   -80.4768 -47.4315 -47.4315 -47.4153 -14.1265  -5.8298  -4.0565  -4.0552
    -3.6042  -0.7585  -0.6883   0.6984

     occupation numbers 
     1.0000   1.0000   1.0000   1.0000   1.0000   1.0000   0.9938   0.9935
     0.0138   0.0000   0.0000   0.0000

          k = 0.2500 0.2500 0.1750 ( 19985 PWs)   bands (ev):

   -80.4768 -47.4315 -47.4315 -47.4153 -14.1265  -5.8307  -4.0563  -4.0551
    -3.5986  -0.7613  -0.6918   0.4901

     occupation numbers 
     1.0000   1.0000   1.0000   1.0000   1.0000   1.0000   0.9938   0.9935
     0.0119   0.0000   0.0000   0.0000

          k = 0.2500 0.2500-0.3500 ( 19980 PWs)   bands (ev):

   -80.4768 -47.4315 -47.4315 -47.4153 -14.1265  -5.8316  -4.0562  -4.0550
    -3.5930  -0.7642  -0.6953   0.3775

     occupation numbers 
     1.0000   1.0000   1.0000   1.0000   1.0000   1.0000   0.9937   0.9935
     0.0102   0.0000   0.0000   0.0000

          k = 0.2500-0.5000 0.0000 ( 20020 PWs)   bands (ev):

   -80.4768 -47.4315 -47.4315 -47.4153 -14.1264  -5.8263  -4.0701  -4.0541
    -3.5852  -0.9241  -0.6680   0.8920

     occupation numbers 
     1.0000   1.0000   1.0000   1.0000   1.0000   1.0000   0.9959   0.9933
     0.0082   0.0000   0.0000   0.0000

          k = 0.2500-0.5000 0.1750 ( 19978 PWs)   bands (ev):

   -80.4768 -47.4315 -47.4315 -47.4153 -14.1264  -5.8272  -4.0699  -4.0540
    -3.5798  -0.9280  -0.6714   0.7201

     occupation numbers 
     1.0000   1.0000   1.0000   1.0000   1.0000   1.0000   0.9958   0.9933
     0.0070   0.0000   0.0000   0.0000

          k = 0.2500-0.5000-0.3500 ( 19992 PWs)   bands (ev):

   -80.4768 -47.4315 -47.4315 -47.4153 -14.1264  -5.8280  -4.0697  -4.0539
    -3.5744  -0.9318  -0.6748   0.6071

     occupation numbers 
     1.0000   1.0000   1.0000   1.0000   1.0000   1.0000   0.9958   0.9933
     0.0060   0.0000   0.0000   0.0000

          k =-0.5000-0.5000 0.0000 ( 20028 PWs)   bands (ev):

   -80.4768 -47.4315 -47.4315 -47.4153 -14.1264  -5.8229  -4.0680  -4.0680
    -3.5672  -0.8579  -0.8579   1.0509

     occupation numbers 
     1.0000   1.0000   1.0000   1.0000   1.0000   1.0000   0.9956   0.9956
     0.0048   0.0000   0.0000   0.0000

          k =-0.5000-0.5000 0.1750 ( 19944 PWs)   bands (ev):

   -80.4768 -47.4315 -47.4315 -47.4153 -14.1264  -5.8238  -4.0679  -4.0679
    -3.5620  -0.8620  -0.8620   0.9077

     occupation numbers 
     1.0000   1.0000   1.0000   1.0000   1.0000   1.0000   0.9956   0.9956
     0.0041   0.0000   0.0000   0.0000

          k =-0.5000-0.5000-0.3500 ( 20000 PWs)   bands (ev):

   -80.4768 -47.4315 -47.4315 -47.4153 -14.1264  -5.8246  -4.0677  -4.0677
    -3.5569  -0.8660  -0.8660   0.7999

     occupation numbers 
     1.0000   1.0000   1.0000   1.0000   1.0000   1.0000   0.9956   0.9956
     0.0035   0.0000   0.0000   0.0000

     the Fermi energy is    -3.8160 ev

!    total energy              =    -148.94436596 Ry
     Harris-Foulkes estimate   =    -148.94436592 Ry
     estimated scf accuracy    <          6.8E-10 Ry

     The total energy is the sum of the following terms:

     one-electron contribution =    -208.98660026 Ry
     hartree contribution      =      99.80256011 Ry
     xc contribution           =     -24.67887196 Ry
     ewald contribution        =     -15.08045726 Ry
     smearing contrib. (-TS)   =      -0.00099658 Ry

     convergence has been achieved in  17 iterations

     negative rho (up, down):  4.734E-05 0.000E+00

     Forces acting on atoms (cartesian axes, Ry/au):

     atom    1 type  1   force =     0.00000000    0.00000000    0.02986903
     atom    2 type  2   force =     0.00000000    0.00000000   -0.02986903
     The non-local contrib.  to forces
     atom    1 type  1   force =     0.00000000    0.00000000   -1.02012405
     atom    2 type  2   force =     0.00000000    0.00000000   -0.15178643
     The ionic contribution  to forces
     atom    1 type  1   force =     0.00000000    0.00000000   -6.83612583
     atom    2 type  2   force =     0.00000000    0.00000000    6.83612583
     The local contribution  to forces
     atom    1 type  1   force =     0.00000000    0.00000000    7.88613671
     atom    2 type  2   force =     0.00000000    0.00000000   -6.72001668
     The core correction contribution to forces
     atom    1 type  1   force =     0.00000000    0.00000000    0.00000000
     atom    2 type  2   force =     0.00000000    0.00000000    0.00583126
     The Hubbard contrib.    to forces
     atom    1 type  1   force =     0.00000000    0.00000000    0.00000000
     atom    2 type  2   force =     0.00000000    0.00000000    0.00000000
     The SCF correction term to forces
     atom    1 type  1   force =     0.00000000   -0.00000000   -0.00000921
     atom    2 type  2   force =     0.00000000   -0.00000000   -0.00001443

     Total force =     0.042241     Total SCF correction =     0.000017


     Computing stress (Cartesian axis) and pressure


     negative rho (up, down):  4.734E-05 0.000E+00
          total   stress  (Ry/bohr**3)                   (kbar)     P=       -1.58
   0.00000355   0.00000000   0.00000000            0.52        0.00        0.00
   0.00000000   0.00000355   0.00000000            0.00        0.52        0.00
   0.00000000   0.00000000  -0.00003933            0.00        0.00       -5.78

     kinetic stress (kbar)    598.32      0.00      0.00
                                0.00    598.32      0.00
                                0.00      0.00    554.83

     local   stress (kbar)  -1473.22      0.00     -0.00
                                0.00  -1473.22     -0.00
                               -0.00     -0.00  -2192.05

     nonloc. stress (kbar)    329.42      0.00      0.00
                                0.00    329.42      0.00
                                0.00      0.00    327.95

     hartree stress (kbar)   1181.00      0.00      0.00
                                0.00   1181.00      0.00
                                0.00      0.00   1383.27

     exc-cor stress (kbar)   -114.96      0.00      0.00
                                0.00   -114.96     -0.00
                                0.00     -0.00   -114.37

     corecor stress (kbar)   -146.74     -0.00     -0.00
                               -0.00   -146.74      0.00
                               -0.00      0.00   -146.06

     ewald   stress (kbar)   -373.29      0.00      0.00
                                0.00   -373.29      0.00
                                0.00      0.00    180.66

     hubbard stress (kbar)      0.00      0.00      0.00
                                0.00      0.00      0.00
                                0.00      0.00      0.00

     london  stress (kbar)      0.00      0.00      0.00
                                0.00      0.00      0.00
                                0.00      0.00      0.00

     DFT-D3  stress (kbar)      0.00      0.00      0.00
                                0.00      0.00      0.00
                                0.00      0.00      0.00

     XDM     stress (kbar)      0.00      0.00      0.00
                                0.00      0.00      0.00
                                0.00      0.00      0.00

     dft-nl  stress (kbar)      0.00      0.00      0.00
                                0.00      0.00      0.00
                                0.00      0.00      0.00

     TS-vdW  stress (kbar)      0.00      0.00      0.00
                                0.00      0.00      0.00
                                0.00      0.00      0.00



     Writing output data file /wrk/kfg/julia_data/MgS/dimer.in_vnscf_coords_6/qe.save/
 
     init_run     :      1.37s CPU      1.50s WALL (       1 calls)
     electrons    :     59.88s CPU     65.01s WALL (       1 calls)
     forces       :      0.73s CPU      0.78s WALL (       1 calls)
     stress       :      2.17s CPU      2.30s WALL (       1 calls)

     Called by init_run:
     wfcinit      :      0.42s CPU      0.46s WALL (       1 calls)
     wfcinit:atom :      0.01s CPU      0.01s WALL (      18 calls)
     wfcinit:wfcr :      0.36s CPU      0.39s WALL (      18 calls)
     potinit      :      0.21s CPU      0.22s WALL (       1 calls)
     hinit0       :      0.48s CPU      0.51s WALL (       1 calls)

     Called by electrons:
     c_bands      :     20.79s CPU     21.99s WALL (      17 calls)
     sum_band     :      8.21s CPU      9.22s WALL (      17 calls)
     v_of_rho     :      0.93s CPU      0.98s WALL (      18 calls)
     v_h          :      0.05s CPU      0.06s WALL (      18 calls)
     v_xc         :      0.99s CPU      1.02s WALL (      20 calls)
     newd         :      3.47s CPU      4.31s WALL (      18 calls)
     mix_rho      :     26.62s CPU     28.68s WALL (      17 calls)

     Called by c_bands:
     init_us_2    :      1.04s CPU      1.07s WALL (     666 calls)
     cegterg      :     17.31s CPU     18.48s WALL (     306 calls)

     Called by sum_band:
     sum_band:bec :      0.00s CPU      0.00s WALL (     306 calls)
     addusdens    :      4.62s CPU      5.39s WALL (      17 calls)

     Called by *egterg:
     h_psi        :     13.07s CPU     14.21s WALL (    1293 calls)
     s_psi        :      0.57s CPU      0.58s WALL (    1293 calls)
     g_psi        :      0.15s CPU      0.16s WALL (     969 calls)
     cdiaghg      :      1.62s CPU      1.65s WALL (    1275 calls)
     cegterg:over :      0.84s CPU      0.85s WALL (     969 calls)
     cegterg:upda :      0.69s CPU      0.70s WALL (     969 calls)
     cegterg:last :      0.23s CPU      0.24s WALL (     306 calls)
     cdiaghg:chol :      0.15s CPU      0.15s WALL (    1275 calls)
     cdiaghg:inve :      0.04s CPU      0.04s WALL (    1275 calls)
     cdiaghg:para :      0.17s CPU      0.17s WALL (    2550 calls)

     Called by h_psi:
     h_psi:calbec :      0.73s CPU      0.78s WALL (    1293 calls)
     vloc_psi     :     11.69s CPU     12.77s WALL (    1293 calls)
     add_vuspsi   :      0.57s CPU      0.58s WALL (    1293 calls)

     General routines
     calbec       :      1.03s CPU      1.09s WALL (    1689 calls)
     fft          :      0.53s CPU      0.59s WALL (     257 calls)
     ffts         :     13.55s CPU     15.41s WALL (   11541 calls)
     fftw         :     12.72s CPU     13.90s WALL (   21858 calls)
     interpolate  :      0.07s CPU      0.07s WALL (      18 calls)
 
     Parallel routines
     fft_scatt_xy :      2.69s CPU      2.98s WALL (   33656 calls)
     fft_scatt_yz :     10.69s CPU     12.45s WALL (   33656 calls)
 
     PWSCF        :   1m 4.29s CPU   1m 9.91s WALL

 
   This run was terminated on:  21:36:17  16Apr2020            

=------------------------------------------------------------------------------=
   JOB DONE.
=------------------------------------------------------------------------------=
