
     Program PWSCF v.6.5 starts on 25Jun2021 at 16:15: 8 

     This program is part of the open-source Quantum ESPRESSO suite
     for quantum simulation of materials; please cite
         "P. Giannozzi et al., J. Phys.:Condens. Matter 21 395502 (2009);
         "P. Giannozzi et al., J. Phys.:Condens. Matter 29 465901 (2017);
          URL http://www.quantum-espresso.org", 
     in publications or presentations arising from this work. More details at
     http://www.quantum-espresso.org/quote

     Parallel version (MPI), running on    12 processors

     MPI processes distributed on     1 nodes
     R & G space division:  proc/nbgrp/npool/nimage =      12
     Reading input from dimer.in_vnscf_coords_3/qe.in
Warning: card &IONS ignored
Warning: card   ION_DYNAMICS='BFGS', ignored
Warning: card / ignored
Warning: card &CELL ignored
Warning: card  CELL_DYNAMICS = 'BFGS' ignored
Warning: card  CELL_DOFREE = 'ALL' ignored
Warning: card  CELL_FACTOR = 1.0 ignored
Warning: card / ignored
     Message from routine read_cards :
     DEPRECATED: no units specified in CELL_PARAMETERS card

     Current dimensions of program PWSCF are:
     Max number of different atomic species (ntypx) = 10
     Max number of k-points (npk) =  40000
     Max angular momentum in pseudopotentials (lmaxx) =  3
               file mg.pbesol.UPF: wavefunction(s)  3P renormalized

     Subspace diagonalization in iterative solution of the eigenvalue problem:
     one sub-group per band group will be used
     scalapack distributed-memory algorithm (size of sub-group:  3*  3 procs)

     Message from routine setup:
     using ibrav=0 with symmetry is DISCOURAGED, use correct ibrav instead
 
     Parallelization info
     --------------------
     sticks:   dense  smooth     PW     G-vecs:    dense   smooth      PW
     Min         325     233     64                21812    13325    1942
     Max         327     234     65                21815    13330    1947
     Sum        3909    2801    777               261761   159925   23349
 


     bravais-lattice index     =            0
     lattice parameter (alat)  =      14.0000  a.u.
     unit-cell volume          =    3920.0000 (a.u.)^3
     number of atoms/cell      =            2
     number of atomic types    =            2
     number of electrons       =        16.00
     number of Kohn-Sham states=           12
     kinetic-energy cutoff     =      45.0000  Ry
     charge density cutoff     =     250.0000  Ry
     convergence threshold     =      1.0E-09
     mixing beta               =       0.3000
     number of iterations used =            8  local-TF  mixing
     Exchange-correlation= SLA  PW   PSX  PSC
                           (   1   4  10   8   0   0   0)
     A smooth kinetic-energy cutoff is imposed at      44.5000 Ry
     height of the smooth step-function =             800.0000 Ry
     width of the smooth step-function  =               1.0000 Ry


     celldm(1)=  14.000000  celldm(2)=   0.000000  celldm(3)=   0.000000
     celldm(4)=   0.000000  celldm(5)=   0.000000  celldm(6)=   0.000000

     crystal axes: (cart. coord. in units of alat)
               a(1) = (   1.000000   0.000000   0.000000 )  
               a(2) = (   0.000000   1.000000   0.000000 )  
               a(3) = (   0.000000   0.000000   1.428571 )  

     reciprocal axes: (cart. coord. in units 2 pi/alat)
               b(1) = (  1.000000  0.000000  0.000000 )  
               b(2) = (  0.000000  1.000000  0.000000 )  
               b(3) = (  0.000000  0.000000  0.700000 )  


     PseudoPot. # 1 for Mg read from file:
     /home/kfg/codes/ThreeBodyTB.jl/src/../pseudo/gbrv_pbesol/mg.pbesol.UPF
     MD5 check sum: cbba17e5274afd115179030b10be074e
     Pseudo is Ultrasoft, Zval = 10.0
     Generated by new atomic code, or converted to UPF format
     Using radial grid of  821 points,  7 beta functions with: 
                l(1) =   0
                l(2) =   0
                l(3) =   0
                l(4) =   1
                l(5) =   1
                l(6) =   2
                l(7) =   2
     Q(r) pseudized with  8 coefficients,  rinner =    1.200   1.200   1.200
                                                       1.200   1.200

     PseudoPot. # 2 for S  read from file:
     /home/kfg/codes/ThreeBodyTB.jl/src/../pseudo/gbrv_pbesol/s.pbesol.UPF
     MD5 check sum: 0ccfa86ec6eb59065d10aaae963ef2a7
     Pseudo is Ultrasoft + core correction, Zval =  6.0
     Generated by new atomic code, or converted to UPF format
     Using radial grid of  907 points,  6 beta functions with: 
                l(1) =   0
                l(2) =   0
                l(3) =   1
                l(4) =   1
                l(5) =   2
                l(6) =   2
     Q(r) pseudized with  8 coefficients,  rinner =    1.300   1.300   1.300
                                                       1.300   1.300

     atomic species   valence    mass     pseudopotential
        Mg            10.00    24.31000     Mg( 1.00)
        S              6.00    32.06000     S ( 1.00)

      8 Sym. Ops. (no inversion) found


                                    s                        frac. trans.

      isym =  1     identity                                     

 cryst.   s( 1) = (     1          0          0      )
                  (     0          1          0      )
                  (     0          0          1      )

 cart.    s( 1) = (  1.0000000  0.0000000  0.0000000 )
                  (  0.0000000  1.0000000  0.0000000 )
                  (  0.0000000  0.0000000  1.0000000 )


      isym =  2     180 deg rotation - cart. axis [0,0,1]        

 cryst.   s( 2) = (    -1          0          0      )
                  (     0         -1          0      )
                  (     0          0          1      )

 cart.    s( 2) = ( -1.0000000  0.0000000  0.0000000 )
                  (  0.0000000 -1.0000000  0.0000000 )
                  (  0.0000000  0.0000000  1.0000000 )


      isym =  3      90 deg rotation - cart. axis [0,0,-1]       

 cryst.   s( 3) = (     0         -1          0      )
                  (     1          0          0      )
                  (     0          0          1      )

 cart.    s( 3) = (  0.0000000  1.0000000  0.0000000 )
                  ( -1.0000000  0.0000000  0.0000000 )
                  (  0.0000000  0.0000000  1.0000000 )


      isym =  4      90 deg rotation - cart. axis [0,0,1]        

 cryst.   s( 4) = (     0          1          0      )
                  (    -1          0          0      )
                  (     0          0          1      )

 cart.    s( 4) = (  0.0000000 -1.0000000  0.0000000 )
                  (  1.0000000  0.0000000  0.0000000 )
                  (  0.0000000  0.0000000  1.0000000 )


      isym =  5     inv. 180 deg rotation - cart. axis [0,1,0]   

 cryst.   s( 5) = (     1          0          0      )
                  (     0         -1          0      )
                  (     0          0          1      )

 cart.    s( 5) = (  1.0000000  0.0000000  0.0000000 )
                  (  0.0000000 -1.0000000  0.0000000 )
                  (  0.0000000  0.0000000  1.0000000 )


      isym =  6     inv. 180 deg rotation - cart. axis [1,0,0]   

 cryst.   s( 6) = (    -1          0          0      )
                  (     0          1          0      )
                  (     0          0          1      )

 cart.    s( 6) = ( -1.0000000  0.0000000  0.0000000 )
                  (  0.0000000  1.0000000  0.0000000 )
                  (  0.0000000  0.0000000  1.0000000 )


      isym =  7     inv. 180 deg rotation - cart. axis [1,1,0]   

 cryst.   s( 7) = (     0         -1          0      )
                  (    -1          0          0      )
                  (     0          0          1      )

 cart.    s( 7) = (  0.0000000 -1.0000000  0.0000000 )
                  ( -1.0000000  0.0000000  0.0000000 )
                  (  0.0000000  0.0000000  1.0000000 )


      isym =  8     inv. 180 deg rotation - cart. axis [1,-1,0]  

 cryst.   s( 8) = (     0          1          0      )
                  (     1          0          0      )
                  (     0          0          1      )

 cart.    s( 8) = (  0.0000000  1.0000000  0.0000000 )
                  (  1.0000000  0.0000000  0.0000000 )
                  (  0.0000000  0.0000000  1.0000000 )


   Cartesian axes

     site n.     atom                  positions (alat units)
         1           Mg  tau(   1) = (   0.0000000   0.0000000  -0.1343017  )
         2           S   tau(   2) = (   0.0000000   0.0000000   0.1343017  )

   Crystallographic axes

     site n.     atom                  positions (cryst. coord.)
         1           Mg  tau(   1) = (  0.0000000  0.0000000 -0.0940112  )
         2           S   tau(   2) = (  0.0000000  0.0000000  0.0940112  )

     number of k points=    18  Gaussian smearing, width (Ry)=  0.0100
                       cart. coord. in units 2pi/alat
        k(    1) = (   0.0000000   0.0000000   0.0000000), wk =   0.0312500
        k(    2) = (   0.0000000   0.0000000   0.1750000), wk =   0.0625000
        k(    3) = (   0.0000000   0.0000000  -0.3500000), wk =   0.0312500
        k(    4) = (   0.0000000   0.2500000   0.0000000), wk =   0.1250000
        k(    5) = (   0.0000000   0.2500000   0.1750000), wk =   0.2500000
        k(    6) = (   0.0000000   0.2500000  -0.3500000), wk =   0.1250000
        k(    7) = (   0.0000000  -0.5000000   0.0000000), wk =   0.0625000
        k(    8) = (   0.0000000  -0.5000000   0.1750000), wk =   0.1250000
        k(    9) = (   0.0000000  -0.5000000  -0.3500000), wk =   0.0625000
        k(   10) = (   0.2500000   0.2500000   0.0000000), wk =   0.1250000
        k(   11) = (   0.2500000   0.2500000   0.1750000), wk =   0.2500000
        k(   12) = (   0.2500000   0.2500000  -0.3500000), wk =   0.1250000
        k(   13) = (   0.2500000  -0.5000000   0.0000000), wk =   0.1250000
        k(   14) = (   0.2500000  -0.5000000   0.1750000), wk =   0.2500000
        k(   15) = (   0.2500000  -0.5000000  -0.3500000), wk =   0.1250000
        k(   16) = (  -0.5000000  -0.5000000   0.0000000), wk =   0.0312500
        k(   17) = (  -0.5000000  -0.5000000   0.1750000), wk =   0.0625000
        k(   18) = (  -0.5000000  -0.5000000  -0.3500000), wk =   0.0312500

                       cryst. coord.
        k(    1) = (   0.0000000   0.0000000   0.0000000), wk =   0.0312500
        k(    2) = (   0.0000000   0.0000000   0.2500000), wk =   0.0625000
        k(    3) = (   0.0000000   0.0000000  -0.5000000), wk =   0.0312500
        k(    4) = (   0.0000000   0.2500000   0.0000000), wk =   0.1250000
        k(    5) = (   0.0000000   0.2500000   0.2500000), wk =   0.2500000
        k(    6) = (   0.0000000   0.2500000  -0.5000000), wk =   0.1250000
        k(    7) = (   0.0000000  -0.5000000   0.0000000), wk =   0.0625000
        k(    8) = (   0.0000000  -0.5000000   0.2500000), wk =   0.1250000
        k(    9) = (   0.0000000  -0.5000000  -0.5000000), wk =   0.0625000
        k(   10) = (   0.2500000   0.2500000   0.0000000), wk =   0.1250000
        k(   11) = (   0.2500000   0.2500000   0.2500000), wk =   0.2500000
        k(   12) = (   0.2500000   0.2500000  -0.5000000), wk =   0.1250000
        k(   13) = (   0.2500000  -0.5000000   0.0000000), wk =   0.1250000
        k(   14) = (   0.2500000  -0.5000000   0.2500000), wk =   0.2500000
        k(   15) = (   0.2500000  -0.5000000  -0.5000000), wk =   0.1250000
        k(   16) = (  -0.5000000  -0.5000000   0.0000000), wk =   0.0312500
        k(   17) = (  -0.5000000  -0.5000000   0.2500000), wk =   0.0625000
        k(   18) = (  -0.5000000  -0.5000000  -0.5000000), wk =   0.0312500

     Dense  grid:   261761 G-vectors     FFT dimensions: (  72,  72, 108)

     Smooth grid:   159925 G-vectors     FFT dimensions: (  60,  60,  90)

     Dynamical RAM for                 wfc:       0.30 MB

     Dynamical RAM for     wfc (w. buffer):       5.79 MB

     Dynamical RAM for           str. fact:       0.67 MB

     Dynamical RAM for           local pot:       0.00 MB

     Dynamical RAM for          nlocal pot:       0.94 MB

     Dynamical RAM for                qrad:       7.53 MB

     Dynamical RAM for          rho,v,vnew:       2.07 MB

     Dynamical RAM for               rhoin:       0.69 MB

     Dynamical RAM for            rho*nmix:       5.33 MB

     Dynamical RAM for           G-vectors:       1.35 MB

     Dynamical RAM for          h,s,v(r/c):       0.01 MB

     Dynamical RAM for          <psi|beta>:       0.01 MB

     Dynamical RAM for                 psi:       1.22 MB

     Dynamical RAM for                hpsi:       1.22 MB

     Dynamical RAM for                spsi:       1.22 MB

     Dynamical RAM for      wfcinit/wfcrot:       0.61 MB

     Dynamical RAM for           addusdens:      68.57 MB

     Dynamical RAM for          addusforce:      69.75 MB

     Dynamical RAM for         addusstress:      73.23 MB

     Estimated static dynamical RAM per process >      27.14 MB

     Estimated max dynamical RAM per process >     100.37 MB

     Estimated total dynamical RAM >       1.18 GB

     Initial potential from superposition of free atoms

     starting charge   15.69974, renormalised to   16.00000

     negative rho (up, down):  3.606E-05 0.000E+00
     Starting wfcs are   12 randomized atomic wfcs

     total cpu time spent up to now is        1.5 secs

     Self-consistent Calculation

     iteration #  1     ecut=    45.00 Ry     beta= 0.30
     Davidson diagonalization with overlap
     ethr =  1.00E-02,  avg # of iterations =  5.0

     negative rho (up, down):  1.622E-05 0.000E+00

     total cpu time spent up to now is        4.9 secs

     total energy              =    -149.07402938 Ry
     Harris-Foulkes estimate   =    -149.15825822 Ry
     estimated scf accuracy    <       0.67360206 Ry

     iteration #  2     ecut=    45.00 Ry     beta= 0.30
     Davidson diagonalization with overlap
     ethr =  4.21E-03,  avg # of iterations =  1.0

     negative rho (up, down):  6.603E-03 0.000E+00

     total cpu time spent up to now is        6.7 secs

     total energy              =    -148.84629608 Ry
     Harris-Foulkes estimate   =    -149.08590080 Ry
     estimated scf accuracy    <       0.47071104 Ry

     iteration #  3     ecut=    45.00 Ry     beta= 0.30
     Davidson diagonalization with overlap
     ethr =  2.94E-03,  avg # of iterations =  2.0

     negative rho (up, down):  5.301E-03 0.000E+00

     total cpu time spent up to now is        9.9 secs

     total energy              =    -148.92726339 Ry
     Harris-Foulkes estimate   =    -148.94954331 Ry
     estimated scf accuracy    <       0.09464027 Ry

     iteration #  4     ecut=    45.00 Ry     beta= 0.30
     Davidson diagonalization with overlap
     ethr =  5.92E-04,  avg # of iterations =  2.1

     negative rho (up, down):  1.724E-02 0.000E+00

     total cpu time spent up to now is       11.7 secs

     total energy              =    -148.91801477 Ry
     Harris-Foulkes estimate   =    -148.95253445 Ry
     estimated scf accuracy    <       0.06636007 Ry

     iteration #  5     ecut=    45.00 Ry     beta= 0.30
     Davidson diagonalization with overlap
     ethr =  4.15E-04,  avg # of iterations =  3.7

     negative rho (up, down):  1.371E-02 0.000E+00

     total cpu time spent up to now is       13.6 secs

     total energy              =    -148.92999130 Ry
     Harris-Foulkes estimate   =    -148.93172524 Ry
     estimated scf accuracy    <       0.01131890 Ry

     iteration #  6     ecut=    45.00 Ry     beta= 0.30
     Davidson diagonalization with overlap
     ethr =  7.07E-05,  avg # of iterations =  4.1

     negative rho (up, down):  4.755E-03 0.000E+00

     total cpu time spent up to now is       16.3 secs

     total energy              =    -148.93122681 Ry
     Harris-Foulkes estimate   =    -148.93100562 Ry
     estimated scf accuracy    <       0.00190626 Ry

     iteration #  7     ecut=    45.00 Ry     beta= 0.30
     Davidson diagonalization with overlap
     ethr =  1.19E-05,  avg # of iterations =  4.2

     negative rho (up, down):  1.724E-03 0.000E+00

     total cpu time spent up to now is       18.7 secs

     total energy              =    -148.93154774 Ry
     Harris-Foulkes estimate   =    -148.93150750 Ry
     estimated scf accuracy    <       0.00016992 Ry

     iteration #  8     ecut=    45.00 Ry     beta= 0.30
     Davidson diagonalization with overlap
     ethr =  1.06E-06,  avg # of iterations =  4.6

     negative rho (up, down):  1.652E-05 0.000E+00

     total cpu time spent up to now is       21.1 secs

     total energy              =    -148.93148364 Ry
     Harris-Foulkes estimate   =    -148.93162678 Ry
     estimated scf accuracy    <       0.00057579 Ry

     iteration #  9     ecut=    45.00 Ry     beta= 0.30
     Davidson diagonalization with overlap
     ethr =  1.06E-06,  avg # of iterations =  6.7

     negative rho (up, down):  2.188E-06 0.000E+00

     total cpu time spent up to now is       24.4 secs

     total energy              =    -148.93156431 Ry
     Harris-Foulkes estimate   =    -148.93155953 Ry
     estimated scf accuracy    <       0.00001211 Ry

     iteration # 10     ecut=    45.00 Ry     beta= 0.30
     Davidson diagonalization with overlap
     ethr =  7.57E-08,  avg # of iterations =  3.5

     negative rho (up, down):  4.312E-05 0.000E+00

     total cpu time spent up to now is       27.3 secs

     total energy              =    -148.93157092 Ry
     Harris-Foulkes estimate   =    -148.93156575 Ry
     estimated scf accuracy    <       0.00000922 Ry

     iteration # 11     ecut=    45.00 Ry     beta= 0.30
     Davidson diagonalization with overlap
     ethr =  5.76E-08,  avg # of iterations =  7.6

     negative rho (up, down):  1.379E-04 0.000E+00

     total cpu time spent up to now is       29.7 secs

     total energy              =    -148.93157152 Ry
     Harris-Foulkes estimate   =    -148.93157241 Ry
     estimated scf accuracy    <       0.00000160 Ry

     iteration # 12     ecut=    45.00 Ry     beta= 0.30
     Davidson diagonalization with overlap
     ethr =  1.00E-08,  avg # of iterations =  2.0

     negative rho (up, down):  7.262E-05 0.000E+00

     total cpu time spent up to now is       32.5 secs

     total energy              =    -148.93157186 Ry
     Harris-Foulkes estimate   =    -148.93157178 Ry
     estimated scf accuracy    <       0.00000040 Ry

     iteration # 13     ecut=    45.00 Ry     beta= 0.30
     Davidson diagonalization with overlap
     ethr =  2.49E-09,  avg # of iterations =  2.3

     negative rho (up, down):  6.471E-05 0.000E+00

     total cpu time spent up to now is       35.5 secs

     total energy              =    -148.93157183 Ry
     Harris-Foulkes estimate   =    -148.93157229 Ry
     estimated scf accuracy    <       0.00000200 Ry

     iteration # 14     ecut=    45.00 Ry     beta= 0.30
     Davidson diagonalization with overlap
     ethr =  2.49E-09,  avg # of iterations =  2.0

     negative rho (up, down):  6.271E-05 0.000E+00

     total cpu time spent up to now is       38.2 secs

     total energy              =    -148.93157214 Ry
     Harris-Foulkes estimate   =    -148.93157210 Ry
     estimated scf accuracy    <          7.3E-09 Ry

     iteration # 15     ecut=    45.00 Ry     beta= 0.30
     Davidson diagonalization with overlap
     ethr =  4.56E-11,  avg # of iterations =  3.3

     negative rho (up, down):  6.569E-05 0.000E+00

     total cpu time spent up to now is       40.8 secs

     total energy              =    -148.93157214 Ry
     Harris-Foulkes estimate   =    -148.93157214 Ry
     estimated scf accuracy    <          1.8E-09 Ry

     iteration # 16     ecut=    45.00 Ry     beta= 0.30
     Davidson diagonalization with overlap
     ethr =  1.15E-11,  avg # of iterations =  2.0

     negative rho (up, down):  6.787E-05 0.000E+00

     total cpu time spent up to now is       42.1 secs

     End of self-consistent calculation

          k = 0.0000 0.0000 0.0000 ( 19923 PWs)   bands (ev):

   -80.0717 -47.0853 -47.0072 -47.0072 -14.2928  -5.7564  -4.2331  -4.2331
    -3.3836  -0.1769  -0.1769   0.2856

     occupation numbers 
     1.0000   1.0000   1.0000   1.0000   1.0000   1.0000   1.0000   1.0000
     0.0000   0.0000   0.0000   0.0000

          k = 0.0000 0.0000 0.1750 ( 19971 PWs)   bands (ev):

   -80.0717 -47.0853 -47.0072 -47.0072 -14.2928  -5.7571  -4.2331  -4.2331
    -3.3778  -0.1801  -0.1801   0.2428

     occupation numbers 
     1.0000   1.0000   1.0000   1.0000   1.0000   1.0000   1.0000   1.0000
     0.0000   0.0000   0.0000   0.0000

          k = 0.0000 0.0000-0.3500 ( 19978 PWs)   bands (ev):

   -80.0717 -47.0853 -47.0072 -47.0072 -14.2928  -5.7579  -4.2330  -4.2330
    -3.3720  -0.1833  -0.1833   0.1831

     occupation numbers 
     1.0000   1.0000   1.0000   1.0000   1.0000   1.0000   1.0000   1.0000
     0.0000   0.0000   0.0000   0.0000

          k = 0.0000 0.2500 0.0000 ( 19968 PWs)   bands (ev):

   -80.0717 -47.0853 -47.0072 -47.0072 -14.2927  -5.7533  -4.2471  -4.2319
    -3.3601  -0.5414  -0.1459   0.6110

     occupation numbers 
     1.0000   1.0000   1.0000   1.0000   1.0000   1.0000   1.0000   1.0000
     0.0000   0.0000   0.0000   0.0000

          k = 0.0000 0.2500 0.1750 ( 19980 PWs)   bands (ev):

   -80.0717 -47.0853 -47.0072 -47.0072 -14.2927  -5.7541  -4.2470  -4.2319
    -3.3547  -0.5437  -0.1490   0.4471

     occupation numbers 
     1.0000   1.0000   1.0000   1.0000   1.0000   1.0000   1.0000   1.0000
     0.0000   0.0000   0.0000   0.0000

          k = 0.0000 0.2500-0.3500 ( 19962 PWs)   bands (ev):

   -80.0717 -47.0853 -47.0072 -47.0072 -14.2927  -5.7548  -4.2469  -4.2318
    -3.3492  -0.5459  -0.1520   0.3462

     occupation numbers 
     1.0000   1.0000   1.0000   1.0000   1.0000   1.0000   1.0000   1.0000
     0.0000   0.0000   0.0000   0.0000

          k = 0.0000-0.5000 0.0000 ( 20022 PWs)   bands (ev):

   -80.0717 -47.0853 -47.0072 -47.0072 -14.2927  -5.7503  -4.2607  -4.2307
    -3.3358  -0.7609  -0.1125   0.9312

     occupation numbers 
     1.0000   1.0000   1.0000   1.0000   1.0000   1.0000   1.0000   1.0000
     0.0000   0.0000   0.0000   0.0000

          k = 0.0000-0.5000 0.1750 ( 19978 PWs)   bands (ev):

   -80.0717 -47.0853 -47.0072 -47.0072 -14.2927  -5.7510  -4.2605  -4.2307
    -3.3307  -0.7642  -0.1155   0.7340

     occupation numbers 
     1.0000   1.0000   1.0000   1.0000   1.0000   1.0000   1.0000   1.0000
     0.0000   0.0000   0.0000   0.0000

          k = 0.0000-0.5000-0.3500 ( 19976 PWs)   bands (ev):

   -80.0717 -47.0853 -47.0072 -47.0072 -14.2927  -5.7517  -4.2604  -4.2306
    -3.3256  -0.7674  -0.1184   0.6260

     occupation numbers 
     1.0000   1.0000   1.0000   1.0000   1.0000   1.0000   1.0000   1.0000
     0.0000   0.0000   0.0000   0.0000

          k = 0.2500 0.2500 0.0000 ( 19983 PWs)   bands (ev):

   -80.0717 -47.0853 -47.0072 -47.0072 -14.2927  -5.7504  -4.2460  -4.2451
    -3.3379  -0.5237  -0.4331   0.8288

     occupation numbers 
     1.0000   1.0000   1.0000   1.0000   1.0000   1.0000   1.0000   1.0000
     0.0000   0.0000   0.0000   0.0000

          k = 0.2500 0.2500 0.1750 ( 19985 PWs)   bands (ev):

   -80.0717 -47.0853 -47.0072 -47.0072 -14.2927  -5.7511  -4.2459  -4.2450
    -3.3327  -0.5259  -0.4367   0.6161

     occupation numbers 
     1.0000   1.0000   1.0000   1.0000   1.0000   1.0000   1.0000   1.0000
     0.0000   0.0000   0.0000   0.0000

          k = 0.2500 0.2500-0.3500 ( 19980 PWs)   bands (ev):

   -80.0717 -47.0853 -47.0072 -47.0072 -14.2927  -5.7518  -4.2458  -4.2449
    -3.3275  -0.5281  -0.4402   0.5064

     occupation numbers 
     1.0000   1.0000   1.0000   1.0000   1.0000   1.0000   1.0000   1.0000
     0.0000   0.0000   0.0000   0.0000

          k = 0.2500-0.5000 0.0000 ( 20020 PWs)   bands (ev):

   -80.0717 -47.0853 -47.0072 -47.0072 -14.2926  -5.7474  -4.2588  -4.2440
    -3.3149  -0.6952  -0.4114   1.0789

     occupation numbers 
     1.0000   1.0000   1.0000   1.0000   1.0000   1.0000   1.0000   1.0000
     0.0000   0.0000   0.0000   0.0000

          k = 0.2500-0.5000 0.1750 ( 19978 PWs)   bands (ev):

   -80.0717 -47.0853 -47.0072 -47.0072 -14.2926  -5.7481  -4.2587  -4.2439
    -3.3101  -0.6988  -0.4148   0.8930

     occupation numbers 
     1.0000   1.0000   1.0000   1.0000   1.0000   1.0000   1.0000   1.0000
     0.0000   0.0000   0.0000   0.0000

          k = 0.2500-0.5000-0.3500 ( 19992 PWs)   bands (ev):

   -80.0717 -47.0853 -47.0072 -47.0072 -14.2926  -5.7488  -4.2586  -4.2439
    -3.3052  -0.7023  -0.4183   0.7802

     occupation numbers 
     1.0000   1.0000   1.0000   1.0000   1.0000   1.0000   1.0000   1.0000
     0.0000   0.0000   0.0000   0.0000

          k =-0.5000-0.5000 0.0000 ( 20028 PWs)   bands (ev):

   -80.0717 -47.0853 -47.0072 -47.0072 -14.2925  -5.7446  -4.2570  -4.2570
    -3.2934  -0.6161  -0.6161   0.8851

     occupation numbers 
     1.0000   1.0000   1.0000   1.0000   1.0000   1.0000   1.0000   1.0000
     0.0000   0.0000   0.0000   0.0000

          k =-0.5000-0.5000 0.1750 ( 19944 PWs)   bands (ev):

   -80.0717 -47.0853 -47.0072 -47.0072 -14.2925  -5.7452  -4.2569  -4.2569
    -3.2888  -0.6202  -0.6202   1.1256

     occupation numbers 
     1.0000   1.0000   1.0000   1.0000   1.0000   1.0000   1.0000   1.0000
     0.0000   0.0000   0.0000   0.0000

          k =-0.5000-0.5000-0.3500 ( 20000 PWs)   bands (ev):

   -80.0717 -47.0853 -47.0072 -47.0072 -14.2925  -5.7459  -4.2568  -4.2568
    -3.2842  -0.6242  -0.6242   1.0177

     occupation numbers 
     1.0000   1.0000   1.0000   1.0000   1.0000   1.0000   1.0000   1.0000
     0.0000   0.0000   0.0000   0.0000

     the Fermi energy is    -3.7868 ev

!    total energy              =    -148.93157221 Ry
     Harris-Foulkes estimate   =    -148.93157214 Ry
     estimated scf accuracy    <          5.4E-10 Ry

     The total energy is the sum of the following terms:

     one-electron contribution =    -215.18617886 Ry
     hartree contribution      =     103.06023180 Ry
     xc contribution           =     -24.79566002 Ry
     ewald contribution        =     -12.00996485 Ry
     smearing contrib. (-TS)   =      -0.00000029 Ry

     convergence has been achieved in  16 iterations

     negative rho (up, down):  6.787E-05 0.000E+00

     Forces acting on atoms (cartesian axes, Ry/au):

     atom    1 type  1   force =     0.00000000    0.00000000   -0.11553743
     atom    2 type  2   force =     0.00000000    0.00000000    0.11553743
     The non-local contrib.  to forces
     atom    1 type  1   force =     0.00000000    0.00000000   -1.24228061
     atom    2 type  2   force =     0.00000000    0.00000000   -0.02141837
     The ionic contribution  to forces
     atom    1 type  1   force =     0.00000000    0.00000000   -8.43029428
     atom    2 type  2   force =    -0.00000000   -0.00000000    8.43029428
     The local contribution  to forces
     atom    1 type  1   force =     0.00000000    0.00000000    9.55704033
     atom    2 type  2   force =     0.00000000    0.00000000   -8.28966988
     The core correction contribution to forces
     atom    1 type  1   force =     0.00000000    0.00000000    0.00000000
     atom    2 type  2   force =     0.00000000    0.00000000   -0.00369721
     The Hubbard contrib.    to forces
     atom    1 type  1   force =     0.00000000    0.00000000    0.00000000
     atom    2 type  2   force =     0.00000000    0.00000000    0.00000000
     The SCF correction term to forces
     atom    1 type  1   force =     0.00000000    0.00000000    0.00000673
     atom    2 type  2   force =    -0.00000000    0.00000000    0.00003822

     Total force =     0.163395     Total SCF correction =     0.000039


     Computing stress (Cartesian axis) and pressure


     negative rho (up, down):  6.787E-05 0.000E+00
          total   stress  (Ry/bohr**3)                   (kbar)     P=        5.80
   0.00000366   0.00000000   0.00000000            0.54        0.00        0.00
   0.00000000   0.00000366   0.00000000            0.00        0.54        0.00
   0.00000000   0.00000000   0.00011100            0.00        0.00       16.33

     kinetic stress (kbar)    601.46      0.00      0.00
                                0.00    601.46      0.00
                                0.00      0.00    566.64

     local   stress (kbar)  -1533.85     -0.00     -0.00
                               -0.00  -1533.85     -0.00
                               -0.00     -0.00  -2309.80

     nonloc. stress (kbar)    331.03      0.00      0.00
                                0.00    331.03      0.00
                                0.00      0.00    334.60

     hartree stress (kbar)   1228.87     -0.00      0.00
                               -0.00   1228.87     -0.00
                                0.00     -0.00   1409.77

     exc-cor stress (kbar)   -116.26      0.00      0.00
                                0.00   -116.26      0.00
                                0.00      0.00   -115.50

     corecor stress (kbar)   -146.81      0.00      0.00
                                0.00   -146.81     -0.00
                                0.00     -0.00   -146.52

     ewald   stress (kbar)   -363.91     -0.00      0.00
                               -0.00   -363.91      0.00
                                0.00      0.00    277.12

     hubbard stress (kbar)      0.00      0.00      0.00
                                0.00      0.00      0.00
                                0.00      0.00      0.00

     london  stress (kbar)      0.00      0.00      0.00
                                0.00      0.00      0.00
                                0.00      0.00      0.00

     DFT-D3  stress (kbar)      0.00      0.00      0.00
                                0.00      0.00      0.00
                                0.00      0.00      0.00

     XDM     stress (kbar)      0.00      0.00      0.00
                                0.00      0.00      0.00
                                0.00      0.00      0.00

     dft-nl  stress (kbar)      0.00      0.00      0.00
                                0.00      0.00      0.00
                                0.00      0.00      0.00

     TS-vdW  stress (kbar)      0.00      0.00      0.00
                                0.00      0.00      0.00
                                0.00      0.00      0.00



     Writing output data file dimer.in_vnscf_coords_3/qe.save/
 
     init_run     :      0.83s CPU      1.01s WALL (       1 calls)
     electrons    :     37.40s CPU     40.76s WALL (       1 calls)
     forces       :      0.43s CPU      0.45s WALL (       1 calls)
     stress       :      1.26s CPU      1.34s WALL (       1 calls)

     Called by init_run:
     wfcinit      :      0.29s CPU      0.35s WALL (       1 calls)
     wfcinit:atom :      0.01s CPU      0.01s WALL (      18 calls)
     wfcinit:wfcr :      0.25s CPU      0.31s WALL (      18 calls)
     potinit      :      0.14s CPU      0.14s WALL (       1 calls)
     hinit0       :      0.21s CPU      0.29s WALL (       1 calls)

     Called by electrons:
     c_bands      :     13.31s CPU     14.21s WALL (      16 calls)
     sum_band     :      4.94s CPU      5.59s WALL (      16 calls)
     v_of_rho     :      0.49s CPU      0.52s WALL (      17 calls)
     v_h          :      0.03s CPU      0.04s WALL (      17 calls)
     v_xc         :      0.52s CPU      0.54s WALL (      19 calls)
     newd         :      2.27s CPU      2.74s WALL (      17 calls)
     mix_rho      :     16.48s CPU     17.67s WALL (      16 calls)

     Called by c_bands:
     init_us_2    :      0.40s CPU      0.42s WALL (     630 calls)
     cegterg      :     11.58s CPU     12.47s WALL (     288 calls)

     Called by sum_band:
     sum_band:bec :      0.00s CPU      0.00s WALL (     288 calls)
     addusdens    :      2.95s CPU      3.43s WALL (      16 calls)

     Called by *egterg:
     h_psi        :      8.35s CPU      9.19s WALL (    1314 calls)
     s_psi        :      0.22s CPU      0.23s WALL (    1314 calls)
     g_psi        :      0.06s CPU      0.06s WALL (    1008 calls)
     cdiaghg      :      1.73s CPU      1.79s WALL (    1296 calls)
     cegterg:over :      0.60s CPU      0.62s WALL (    1008 calls)
     cegterg:upda :      0.49s CPU      0.50s WALL (    1008 calls)
     cegterg:last :      0.13s CPU      0.13s WALL (     288 calls)
     cdiaghg:chol :      0.15s CPU      0.17s WALL (    1296 calls)
     cdiaghg:inve :      0.07s CPU      0.07s WALL (    1296 calls)
     cdiaghg:para :      0.14s CPU      0.14s WALL (    2592 calls)

     Called by h_psi:
     h_psi:calbec :      0.30s CPU      0.33s WALL (    1314 calls)
     vloc_psi     :      7.75s CPU      8.55s WALL (    1314 calls)
     add_vuspsi   :      0.23s CPU      0.25s WALL (    1314 calls)

     General routines
     calbec       :      0.42s CPU      0.45s WALL (    1692 calls)
     fft          :      0.37s CPU      0.47s WALL (     244 calls)
     ffts         :      9.23s CPU     10.21s WALL (   11068 calls)
     fftw         :      8.39s CPU      9.25s WALL (   21342 calls)
     interpolate  :      0.04s CPU      0.05s WALL (      17 calls)
 
     Parallel routines
     fft_scatt_xy :      1.62s CPU      1.80s WALL (   32654 calls)
     fft_scatt_yz :      8.12s CPU      9.07s WALL (   32654 calls)
 
     PWSCF        :     40.07s CPU     47.76s WALL

 
   This run was terminated on:  16:15:56  25Jun2021            

=------------------------------------------------------------------------------=
   JOB DONE.
=------------------------------------------------------------------------------=
