
     Program PWSCF v.6.5 starts on 16Apr2020 at 21:31:32 

     This program is part of the open-source Quantum ESPRESSO suite
     for quantum simulation of materials; please cite
         "P. Giannozzi et al., J. Phys.:Condens. Matter 21 395502 (2009);
         "P. Giannozzi et al., J. Phys.:Condens. Matter 29 465901 (2017);
          URL http://www.quantum-espresso.org", 
     in publications or presentations arising from this work. More details at
     http://www.quantum-espresso.org/quote

     Parallel version (MPI), running on     8 processors

     MPI processes distributed on     1 nodes
     R & G space division:  proc/nbgrp/npool/nimage =       8
     Reading input from /wrk/kfg/julia_data/MgS/dimer.in_vnscf_coords_5/qe.in
Warning: card &IONS ignored
Warning: card   ION_DYNAMICS='BFGS', ignored
Warning: card / ignored
Warning: card &CELL ignored
Warning: card  CELL_DYNAMICS = 'BFGS' ignored
Warning: card  CELL_DOFREE = 'ALL' ignored
Warning: card  CELL_FACTOR = 1.0 ignored
Warning: card / ignored
     Message from routine read_cards :
     DEPRECATED: no units specified in CELL_PARAMETERS card

     Current dimensions of program PWSCF are:
     Max number of different atomic species (ntypx) = 10
     Max number of k-points (npk) =  40000
     Max angular momentum in pseudopotentials (lmaxx) =  3
               file mg.pbesol.UPF: wavefunction(s)  3P renormalized

     Subspace diagonalization in iterative solution of the eigenvalue problem:
     one sub-group per band group will be used
     scalapack distributed-memory algorithm (size of sub-group:  2*  2 procs)

     Message from routine setup:
     using ibrav=0 with symmetry is DISCOURAGED, use correct ibrav instead
 
     Parallelization info
     --------------------
     sticks:   dense  smooth     PW     G-vecs:    dense   smooth      PW
     Min         487     350     97                32720    19990    2917
     Max         490     351     98                32721    19993    2920
     Sum        3909    2801    777               261761   159925   23349
 


     bravais-lattice index     =            0
     lattice parameter (alat)  =      14.0000  a.u.
     unit-cell volume          =    3920.0000 (a.u.)^3
     number of atoms/cell      =            2
     number of atomic types    =            2
     number of electrons       =        16.00
     number of Kohn-Sham states=           12
     kinetic-energy cutoff     =      45.0000  Ry
     charge density cutoff     =     250.0000  Ry
     convergence threshold     =      1.0E-09
     mixing beta               =       0.3000
     number of iterations used =            8  local-TF  mixing
     Exchange-correlation= SLA  PW   PSX  PSC
                           (   1   4  10   8   0   0   0)
     A smooth kinetic-energy cutoff is imposed at      44.5000 Ry
     height of the smooth step-function =             800.0000 Ry
     width of the smooth step-function  =               1.0000 Ry


     celldm(1)=  14.000000  celldm(2)=   0.000000  celldm(3)=   0.000000
     celldm(4)=   0.000000  celldm(5)=   0.000000  celldm(6)=   0.000000

     crystal axes: (cart. coord. in units of alat)
               a(1) = (   1.000000   0.000000   0.000000 )  
               a(2) = (   0.000000   1.000000   0.000000 )  
               a(3) = (   0.000000   0.000000   1.428571 )  

     reciprocal axes: (cart. coord. in units 2 pi/alat)
               b(1) = (  1.000000  0.000000  0.000000 )  
               b(2) = (  0.000000  1.000000  0.000000 )  
               b(3) = (  0.000000  0.000000  0.700000 )  


     PseudoPot. # 1 for Mg read from file:
     /home/kfg/psuedo/gbrv_1.5/mg.pbesol.UPF
     MD5 check sum: cbba17e5274afd115179030b10be074e
     Pseudo is Ultrasoft, Zval = 10.0
     Generated by new atomic code, or converted to UPF format
     Using radial grid of  821 points,  7 beta functions with: 
                l(1) =   0
                l(2) =   0
                l(3) =   0
                l(4) =   1
                l(5) =   1
                l(6) =   2
                l(7) =   2
     Q(r) pseudized with  8 coefficients,  rinner =    1.200   1.200   1.200
                                                       1.200   1.200

     PseudoPot. # 2 for S  read from file:
     /home/kfg/psuedo/gbrv_1.5/s.pbesol.UPF
     MD5 check sum: 0ccfa86ec6eb59065d10aaae963ef2a7
     Pseudo is Ultrasoft + core correction, Zval =  6.0
     Generated by new atomic code, or converted to UPF format
     Using radial grid of  907 points,  6 beta functions with: 
                l(1) =   0
                l(2) =   0
                l(3) =   1
                l(4) =   1
                l(5) =   2
                l(6) =   2
     Q(r) pseudized with  8 coefficients,  rinner =    1.300   1.300   1.300
                                                       1.300   1.300

     atomic species   valence    mass     pseudopotential
        Mg            10.00    24.31000     Mg( 1.00)
        S              6.00    32.06000     S ( 1.00)

      8 Sym. Ops. (no inversion) found


                                    s                        frac. trans.

      isym =  1     identity                                     

 cryst.   s( 1) = (     1          0          0      )
                  (     0          1          0      )
                  (     0          0          1      )

 cart.    s( 1) = (  1.0000000  0.0000000  0.0000000 )
                  (  0.0000000  1.0000000  0.0000000 )
                  (  0.0000000  0.0000000  1.0000000 )


      isym =  2     180 deg rotation - cart. axis [0,0,1]        

 cryst.   s( 2) = (    -1          0          0      )
                  (     0         -1          0      )
                  (     0          0          1      )

 cart.    s( 2) = ( -1.0000000  0.0000000  0.0000000 )
                  (  0.0000000 -1.0000000  0.0000000 )
                  (  0.0000000  0.0000000  1.0000000 )


      isym =  3      90 deg rotation - cart. axis [0,0,-1]       

 cryst.   s( 3) = (     0         -1          0      )
                  (     1          0          0      )
                  (     0          0          1      )

 cart.    s( 3) = (  0.0000000  1.0000000  0.0000000 )
                  ( -1.0000000  0.0000000  0.0000000 )
                  (  0.0000000  0.0000000  1.0000000 )


      isym =  4      90 deg rotation - cart. axis [0,0,1]        

 cryst.   s( 4) = (     0          1          0      )
                  (    -1          0          0      )
                  (     0          0          1      )

 cart.    s( 4) = (  0.0000000 -1.0000000  0.0000000 )
                  (  1.0000000  0.0000000  0.0000000 )
                  (  0.0000000  0.0000000  1.0000000 )


      isym =  5     inv. 180 deg rotation - cart. axis [0,1,0]   

 cryst.   s( 5) = (     1          0          0      )
                  (     0         -1          0      )
                  (     0          0          1      )

 cart.    s( 5) = (  1.0000000  0.0000000  0.0000000 )
                  (  0.0000000 -1.0000000  0.0000000 )
                  (  0.0000000  0.0000000  1.0000000 )


      isym =  6     inv. 180 deg rotation - cart. axis [1,0,0]   

 cryst.   s( 6) = (    -1          0          0      )
                  (     0          1          0      )
                  (     0          0          1      )

 cart.    s( 6) = ( -1.0000000  0.0000000  0.0000000 )
                  (  0.0000000  1.0000000  0.0000000 )
                  (  0.0000000  0.0000000  1.0000000 )


      isym =  7     inv. 180 deg rotation - cart. axis [1,1,0]   

 cryst.   s( 7) = (     0         -1          0      )
                  (    -1          0          0      )
                  (     0          0          1      )

 cart.    s( 7) = (  0.0000000 -1.0000000  0.0000000 )
                  ( -1.0000000  0.0000000  0.0000000 )
                  (  0.0000000  0.0000000  1.0000000 )


      isym =  8     inv. 180 deg rotation - cart. axis [1,-1,0]  

 cryst.   s( 8) = (     0          1          0      )
                  (     1          0          0      )
                  (     0          0          1      )

 cart.    s( 8) = (  0.0000000  1.0000000  0.0000000 )
                  (  1.0000000  0.0000000  0.0000000 )
                  (  0.0000000  0.0000000  1.0000000 )


   Cartesian axes

     site n.     atom                  positions (alat units)
         1           Mg  tau(   1) = (   0.0000000   0.0000000  -0.1444104  )
         2           S   tau(   2) = (   0.0000000   0.0000000   0.1444104  )

   Crystallographic axes

     site n.     atom                  positions (cryst. coord.)
         1           Mg  tau(   1) = (  0.0000000  0.0000000 -0.1010873  )
         2           S   tau(   2) = (  0.0000000  0.0000000  0.1010873  )

     number of k points=    18  Gaussian smearing, width (Ry)=  0.0100
                       cart. coord. in units 2pi/alat
        k(    1) = (   0.0000000   0.0000000   0.0000000), wk =   0.0312500
        k(    2) = (   0.0000000   0.0000000   0.1750000), wk =   0.0625000
        k(    3) = (   0.0000000   0.0000000  -0.3500000), wk =   0.0312500
        k(    4) = (   0.0000000   0.2500000   0.0000000), wk =   0.1250000
        k(    5) = (   0.0000000   0.2500000   0.1750000), wk =   0.2500000
        k(    6) = (   0.0000000   0.2500000  -0.3500000), wk =   0.1250000
        k(    7) = (   0.0000000  -0.5000000   0.0000000), wk =   0.0625000
        k(    8) = (   0.0000000  -0.5000000   0.1750000), wk =   0.1250000
        k(    9) = (   0.0000000  -0.5000000  -0.3500000), wk =   0.0625000
        k(   10) = (   0.2500000   0.2500000   0.0000000), wk =   0.1250000
        k(   11) = (   0.2500000   0.2500000   0.1750000), wk =   0.2500000
        k(   12) = (   0.2500000   0.2500000  -0.3500000), wk =   0.1250000
        k(   13) = (   0.2500000  -0.5000000   0.0000000), wk =   0.1250000
        k(   14) = (   0.2500000  -0.5000000   0.1750000), wk =   0.2500000
        k(   15) = (   0.2500000  -0.5000000  -0.3500000), wk =   0.1250000
        k(   16) = (  -0.5000000  -0.5000000   0.0000000), wk =   0.0312500
        k(   17) = (  -0.5000000  -0.5000000   0.1750000), wk =   0.0625000
        k(   18) = (  -0.5000000  -0.5000000  -0.3500000), wk =   0.0312500

                       cryst. coord.
        k(    1) = (   0.0000000   0.0000000   0.0000000), wk =   0.0312500
        k(    2) = (   0.0000000   0.0000000   0.2500000), wk =   0.0625000
        k(    3) = (   0.0000000   0.0000000  -0.5000000), wk =   0.0312500
        k(    4) = (   0.0000000   0.2500000   0.0000000), wk =   0.1250000
        k(    5) = (   0.0000000   0.2500000   0.2500000), wk =   0.2500000
        k(    6) = (   0.0000000   0.2500000  -0.5000000), wk =   0.1250000
        k(    7) = (   0.0000000  -0.5000000   0.0000000), wk =   0.0625000
        k(    8) = (   0.0000000  -0.5000000   0.2500000), wk =   0.1250000
        k(    9) = (   0.0000000  -0.5000000  -0.5000000), wk =   0.0625000
        k(   10) = (   0.2500000   0.2500000   0.0000000), wk =   0.1250000
        k(   11) = (   0.2500000   0.2500000   0.2500000), wk =   0.2500000
        k(   12) = (   0.2500000   0.2500000  -0.5000000), wk =   0.1250000
        k(   13) = (   0.2500000  -0.5000000   0.0000000), wk =   0.1250000
        k(   14) = (   0.2500000  -0.5000000   0.2500000), wk =   0.2500000
        k(   15) = (   0.2500000  -0.5000000  -0.5000000), wk =   0.1250000
        k(   16) = (  -0.5000000  -0.5000000   0.0000000), wk =   0.0312500
        k(   17) = (  -0.5000000  -0.5000000   0.2500000), wk =   0.0625000
        k(   18) = (  -0.5000000  -0.5000000  -0.5000000), wk =   0.0312500

     Dense  grid:   261761 G-vectors     FFT dimensions: (  72,  72, 108)

     Smooth grid:   159925 G-vectors     FFT dimensions: (  60,  60,  90)

     Dynamical RAM for                 wfc:       0.46 MB

     Dynamical RAM for     wfc (w. buffer):       8.69 MB

     Dynamical RAM for           str. fact:       1.00 MB

     Dynamical RAM for           local pot:       0.00 MB

     Dynamical RAM for          nlocal pot:       1.41 MB

     Dynamical RAM for                qrad:       7.53 MB

     Dynamical RAM for          rho,v,vnew:       3.16 MB

     Dynamical RAM for               rhoin:       1.05 MB

     Dynamical RAM for            rho*nmix:       7.99 MB

     Dynamical RAM for           G-vectors:       2.02 MB

     Dynamical RAM for          h,s,v(r/c):       0.03 MB

     Dynamical RAM for          <psi|beta>:       0.01 MB

     Dynamical RAM for                 psi:       1.83 MB

     Dynamical RAM for                hpsi:       1.83 MB

     Dynamical RAM for                spsi:       1.83 MB

     Dynamical RAM for      wfcinit/wfcrot:       0.92 MB

     Dynamical RAM for           addusdens:     102.85 MB

     Dynamical RAM for          addusforce:     104.61 MB

     Dynamical RAM for         addusstress:     109.84 MB

     Estimated static dynamical RAM per process >      37.12 MB

     Estimated max dynamical RAM per process >     146.96 MB

     Estimated total dynamical RAM >       1.15 GB

     Initial potential from superposition of free atoms

     starting charge   15.69974, renormalised to   16.00000

     negative rho (up, down):  3.293E-05 0.000E+00
     Starting wfcs are   12 randomized atomic wfcs

     total cpu time spent up to now is        1.7 secs

     Self-consistent Calculation

     iteration #  1     ecut=    45.00 Ry     beta= 0.30
     Davidson diagonalization with overlap
     ethr =  1.00E-02,  avg # of iterations =  5.1

     negative rho (up, down):  6.943E-05 0.000E+00

     total cpu time spent up to now is        6.5 secs

     total energy              =    -149.09272891 Ry
     Harris-Foulkes estimate   =    -149.17860191 Ry
     estimated scf accuracy    <       0.70996977 Ry

     iteration #  2     ecut=    45.00 Ry     beta= 0.30
     Davidson diagonalization with overlap
     ethr =  4.44E-03,  avg # of iterations =  1.0

     negative rho (up, down):  1.077E-02 0.000E+00

     total cpu time spent up to now is        9.4 secs

     total energy              =    -148.86149530 Ry
     Harris-Foulkes estimate   =    -149.10352348 Ry
     estimated scf accuracy    <       0.49417964 Ry

     iteration #  3     ecut=    45.00 Ry     beta= 0.30
     Davidson diagonalization with overlap
     ethr =  3.09E-03,  avg # of iterations =  2.0

     negative rho (up, down):  8.216E-03 0.000E+00

     total cpu time spent up to now is       12.3 secs

     total energy              =    -148.94134352 Ry
     Harris-Foulkes estimate   =    -148.96630064 Ry
     estimated scf accuracy    <       0.10510694 Ry

     iteration #  4     ecut=    45.00 Ry     beta= 0.30
     Davidson diagonalization with overlap
     ethr =  6.57E-04,  avg # of iterations =  2.1

     negative rho (up, down):  2.239E-02 0.000E+00

     total cpu time spent up to now is       15.0 secs

     total energy              =    -148.93208541 Ry
     Harris-Foulkes estimate   =    -148.97124168 Ry
     estimated scf accuracy    <       0.08048151 Ry

     iteration #  5     ecut=    45.00 Ry     beta= 0.30
     Davidson diagonalization with overlap
     ethr =  5.03E-04,  avg # of iterations =  3.0

     negative rho (up, down):  1.766E-02 0.000E+00

     total cpu time spent up to now is       19.1 secs

     total energy              =    -148.94523597 Ry
     Harris-Foulkes estimate   =    -148.94601175 Ry
     estimated scf accuracy    <       0.00797402 Ry

     iteration #  6     ecut=    45.00 Ry     beta= 0.30
     Davidson diagonalization with overlap
     ethr =  4.98E-05,  avg # of iterations =  5.8

     negative rho (up, down):  5.607E-03 0.000E+00

     total cpu time spent up to now is       22.3 secs

     total energy              =    -148.94614463 Ry
     Harris-Foulkes estimate   =    -148.94587929 Ry
     estimated scf accuracy    <       0.00188191 Ry

     iteration #  7     ecut=    45.00 Ry     beta= 0.30
     Davidson diagonalization with overlap
     ethr =  1.18E-05,  avg # of iterations =  3.7

     negative rho (up, down):  2.167E-03 0.000E+00

     total cpu time spent up to now is       27.2 secs

     total energy              =    -148.94576699 Ry
     Harris-Foulkes estimate   =    -148.94650874 Ry
     estimated scf accuracy    <       0.00165394 Ry

     iteration #  8     ecut=    45.00 Ry     beta= 0.30
     Davidson diagonalization with overlap
     ethr =  1.03E-05,  avg # of iterations =  2.2

     negative rho (up, down):  1.000E-03 0.000E+00

     total cpu time spent up to now is       30.3 secs

     total energy              =    -148.94628148 Ry
     Harris-Foulkes estimate   =    -148.94646779 Ry
     estimated scf accuracy    <       0.00129553 Ry

     iteration #  9     ecut=    45.00 Ry     beta= 0.30
     Davidson diagonalization with overlap
     ethr =  8.10E-06,  avg # of iterations =  1.5

     negative rho (up, down):  1.197E-05 0.000E+00

     total cpu time spent up to now is       34.8 secs

     total energy              =    -148.94624773 Ry
     Harris-Foulkes estimate   =    -148.94631681 Ry
     estimated scf accuracy    <       0.00040841 Ry

     iteration # 10     ecut=    45.00 Ry     beta= 0.30
     Davidson diagonalization with overlap
     ethr =  2.55E-06,  avg # of iterations =  7.7

     negative rho (up, down):  6.275E-06 0.000E+00

     total cpu time spent up to now is       38.7 secs

     total energy              =    -148.94627783 Ry
     Harris-Foulkes estimate   =    -148.94627401 Ry
     estimated scf accuracy    <       0.00004333 Ry

     iteration # 11     ecut=    45.00 Ry     beta= 0.30
     Davidson diagonalization with overlap
     ethr =  2.71E-07,  avg # of iterations =  2.1

     negative rho (up, down):  3.086E-05 0.000E+00

     total cpu time spent up to now is       41.8 secs

     total energy              =    -148.94627245 Ry
     Harris-Foulkes estimate   =    -148.94627973 Ry
     estimated scf accuracy    <       0.00003780 Ry

     iteration # 12     ecut=    45.00 Ry     beta= 0.30
     Davidson diagonalization with overlap
     ethr =  2.36E-07,  avg # of iterations =  5.2

     negative rho (up, down):  5.245E-05 0.000E+00

     total cpu time spent up to now is       45.0 secs

     total energy              =    -148.94627674 Ry
     Harris-Foulkes estimate   =    -148.94627671 Ry
     estimated scf accuracy    <       0.00000056 Ry

     iteration # 13     ecut=    45.00 Ry     beta= 0.30
     Davidson diagonalization with overlap
     ethr =  3.52E-09,  avg # of iterations =  3.1

     negative rho (up, down):  5.042E-05 0.000E+00

     total cpu time spent up to now is       50.0 secs

     total energy              =    -148.94627643 Ry
     Harris-Foulkes estimate   =    -148.94627703 Ry
     estimated scf accuracy    <       0.00000038 Ry

     iteration # 14     ecut=    45.00 Ry     beta= 0.30
     Davidson diagonalization with overlap
     ethr =  2.40E-09,  avg # of iterations =  2.0

     negative rho (up, down):  5.154E-05 0.000E+00

     total cpu time spent up to now is       53.2 secs

     total energy              =    -148.94627654 Ry
     Harris-Foulkes estimate   =    -148.94627648 Ry
     estimated scf accuracy    <       0.00000004 Ry

     iteration # 15     ecut=    45.00 Ry     beta= 0.30
     Davidson diagonalization with overlap
     ethr =  2.55E-10,  avg # of iterations =  2.1

     negative rho (up, down):  5.278E-05 0.000E+00

     total cpu time spent up to now is       56.7 secs

     total energy              =    -148.94627653 Ry
     Harris-Foulkes estimate   =    -148.94627655 Ry
     estimated scf accuracy    <       0.00000002 Ry

     iteration # 16     ecut=    45.00 Ry     beta= 0.30
     Davidson diagonalization with overlap
     ethr =  9.92E-11,  avg # of iterations =  1.1

     negative rho (up, down):  5.556E-05 0.000E+00

     total cpu time spent up to now is       59.9 secs

     total energy              =    -148.94627652 Ry
     Harris-Foulkes estimate   =    -148.94627653 Ry
     estimated scf accuracy    <       0.00000001 Ry

     iteration # 17     ecut=    45.00 Ry     beta= 0.30
     Davidson diagonalization with overlap
     ethr =  6.56E-11,  avg # of iterations =  3.0

     negative rho (up, down):  5.388E-05 0.000E+00

     total cpu time spent up to now is       63.2 secs

     total energy              =    -148.94627655 Ry
     Harris-Foulkes estimate   =    -148.94627653 Ry
     estimated scf accuracy    <          2.7E-09 Ry

     iteration # 18     ecut=    45.00 Ry     beta= 0.30
     Davidson diagonalization with overlap
     ethr =  1.67E-11,  avg # of iterations =  2.2

     negative rho (up, down):  5.518E-05 0.000E+00

     total cpu time spent up to now is       65.2 secs

     End of self-consistent calculation

          k = 0.0000 0.0000 0.0000 ( 19923 PWs)   bands (ev):

   -80.3649 -47.3194 -47.3150 -47.3150 -14.1561  -5.8158  -4.0753  -4.0753
    -3.5698  -0.3791  -0.3791   0.2439

     occupation numbers 
     1.0000   1.0000   1.0000   1.0000   1.0000   1.0000   0.9981   0.9981
     0.0089   0.0000   0.0000   0.0000

          k = 0.0000 0.0000 0.1750 ( 19971 PWs)   bands (ev):

   -80.3649 -47.3194 -47.3150 -47.3150 -14.1561  -5.8167  -4.0753  -4.0753
    -3.5638  -0.3821  -0.3821   0.1875

     occupation numbers 
     1.0000   1.0000   1.0000   1.0000   1.0000   1.0000   0.9980   0.9980
     0.0075   0.0000   0.0000   0.0000

          k = 0.0000 0.0000-0.3500 ( 19978 PWs)   bands (ev):

   -80.3649 -47.3194 -47.3150 -47.3150 -14.1561  -5.8177  -4.0752  -4.0752
    -3.5577  -0.3851  -0.3851   0.1170

     occupation numbers 
     1.0000   1.0000   1.0000   1.0000   1.0000   1.0000   0.9980   0.9980
     0.0063   0.0000   0.0000   0.0000

          k = 0.0000 0.2500 0.0000 ( 19968 PWs)   bands (ev):

   -80.3649 -47.3194 -47.3150 -47.3150 -14.1560  -5.8124  -4.0903  -4.0740
    -3.5490  -0.7068  -0.3508   0.5594

     occupation numbers 
     1.0000   1.0000   1.0000   1.0000   1.0000   1.0000   0.9988   0.9980
     0.0049   0.0000   0.0000   0.0000

          k = 0.0000 0.2500 0.1750 ( 19980 PWs)   bands (ev):

   -80.3649 -47.3194 -47.3150 -47.3150 -14.1560  -5.8133  -4.0902  -4.0740
    -3.5433  -0.7096  -0.3537   0.3765

     occupation numbers 
     1.0000   1.0000   1.0000   1.0000   1.0000   1.0000   0.9988   0.9980
     0.0041   0.0000   0.0000   0.0000

          k = 0.0000 0.2500-0.3500 ( 19962 PWs)   bands (ev):

   -80.3649 -47.3194 -47.3150 -47.3150 -14.1560  -5.8142  -4.0901  -4.0739
    -3.5375  -0.7123  -0.3566   0.2723

     occupation numbers 
     1.0000   1.0000   1.0000   1.0000   1.0000   1.0000   0.9988   0.9980
     0.0034   0.0000   0.0000   0.0000

          k = 0.0000-0.5000 0.0000 ( 20022 PWs)   bands (ev):

   -80.3649 -47.3194 -47.3150 -47.3150 -14.1559  -5.8090  -4.1048  -4.0728
    -3.5278  -0.9160  -0.3206   0.8269

     occupation numbers 
     1.0000   1.0000   1.0000   1.0000   1.0000   1.0000   0.9993   0.9979
     0.0025   0.0000   0.0000   0.0000

          k = 0.0000-0.5000 0.1750 ( 19978 PWs)   bands (ev):

   -80.3649 -47.3194 -47.3150 -47.3150 -14.1559  -5.8098  -4.1046  -4.0727
    -3.5224  -0.9197  -0.3234   0.6365

     occupation numbers 
     1.0000   1.0000   1.0000   1.0000   1.0000   1.0000   0.9993   0.9979
     0.0021   0.0000   0.0000   0.0000

          k = 0.0000-0.5000-0.3500 ( 19976 PWs)   bands (ev):

   -80.3649 -47.3194 -47.3150 -47.3150 -14.1559  -5.8106  -4.1045  -4.0726
    -3.5169  -0.9234  -0.3262   0.5255

     occupation numbers 
     1.0000   1.0000   1.0000   1.0000   1.0000   1.0000   0.9993   0.9979
     0.0018   0.0000   0.0000   0.0000

          k = 0.2500 0.2500 0.0000 ( 19983 PWs)   bands (ev):

   -80.3649 -47.3194 -47.3150 -47.3150 -14.1559  -5.8091  -4.0892  -4.0880
    -3.5293  -0.6895  -0.6141   0.7447

     occupation numbers 
     1.0000   1.0000   1.0000   1.0000   1.0000   1.0000   0.9988   0.9987
     0.0026   0.0000   0.0000   0.0000

          k = 0.2500 0.2500 0.1750 ( 19985 PWs)   bands (ev):

   -80.3649 -47.3194 -47.3150 -47.3150 -14.1559  -5.8099  -4.0891  -4.0879
    -3.5238  -0.6922  -0.6176   0.5347

     occupation numbers 
     1.0000   1.0000   1.0000   1.0000   1.0000   1.0000   0.9988   0.9987
     0.0022   0.0000   0.0000   0.0000

          k = 0.2500 0.2500-0.3500 ( 19980 PWs)   bands (ev):

   -80.3649 -47.3194 -47.3150 -47.3150 -14.1559  -5.8108  -4.0890  -4.0878
    -3.5184  -0.6950  -0.6211   0.4234

     occupation numbers 
     1.0000   1.0000   1.0000   1.0000   1.0000   1.0000   0.9988   0.9987
     0.0018   0.0000   0.0000   0.0000

          k = 0.2500-0.5000 0.0000 ( 20020 PWs)   bands (ev):

   -80.3649 -47.3194 -47.3150 -47.3150 -14.1558  -5.8057  -4.1028  -4.0870
    -3.5092  -0.8568  -0.5933   0.9570

     occupation numbers 
     1.0000   1.0000   1.0000   1.0000   1.0000   1.0000   0.9992   0.9987
     0.0014   0.0000   0.0000   0.0000

          k = 0.2500-0.5000 0.1750 ( 19978 PWs)   bands (ev):

   -80.3649 -47.3194 -47.3150 -47.3150 -14.1558  -5.8066  -4.1026  -4.0869
    -3.5040  -0.8606  -0.5968   0.7805

     occupation numbers 
     1.0000   1.0000   1.0000   1.0000   1.0000   1.0000   0.9992   0.9987
     0.0011   0.0000   0.0000   0.0000

          k = 0.2500-0.5000-0.3500 ( 19992 PWs)   bands (ev):

   -80.3649 -47.3194 -47.3150 -47.3150 -14.1558  -5.8074  -4.1025  -4.0868
    -3.4988  -0.8644  -0.6002   0.6672

     occupation numbers 
     1.0000   1.0000   1.0000   1.0000   1.0000   1.0000   0.9992   0.9987
     0.0009   0.0000   0.0000   0.0000

          k =-0.5000-0.5000 0.0000 ( 20028 PWs)   bands (ev):

   -80.3649 -47.3194 -47.3150 -47.3150 -14.1558  -5.8025  -4.1008  -4.1008
    -3.4903  -0.7872  -0.7872   0.8512

     occupation numbers 
     1.0000   1.0000   1.0000   1.0000   1.0000   1.0000   0.9992   0.9992
     0.0007   0.0000   0.0000   0.0000

          k =-0.5000-0.5000 0.1750 ( 19944 PWs)   bands (ev):

   -80.3649 -47.3194 -47.3150 -47.3150 -14.1558  -5.8033  -4.1006  -4.1006
    -3.4853  -0.7913  -0.7913   0.9819

     occupation numbers 
     1.0000   1.0000   1.0000   1.0000   1.0000   1.0000   0.9992   0.9992
     0.0006   0.0000   0.0000   0.0000

          k =-0.5000-0.5000-0.3500 ( 20000 PWs)   bands (ev):

   -80.3649 -47.3194 -47.3150 -47.3150 -14.1558  -5.8041  -4.1005  -4.1005
    -3.4804  -0.7954  -0.7954   0.8737

     occupation numbers 
     1.0000   1.0000   1.0000   1.0000   1.0000   1.0000   0.9992   0.9992
     0.0005   0.0000   0.0000   0.0000

     the Fermi energy is    -3.7976 ev

!    total energy              =    -148.94627658 Ry
     Harris-Foulkes estimate   =    -148.94627655 Ry
     estimated scf accuracy    <          2.8E-10 Ry

     The total energy is the sum of the following terms:

     one-electron contribution =    -210.73299420 Ry
     hartree contribution      =     100.72333357 Ry
     xc contribution           =     -24.71087340 Ry
     ewald contribution        =     -14.22550665 Ry
     smearing contrib. (-TS)   =      -0.00023591 Ry

     convergence has been achieved in  18 iterations

     negative rho (up, down):  5.518E-05 0.000E+00

     Forces acting on atoms (cartesian axes, Ry/au):

     atom    1 type  1   force =     0.00000000    0.00000000   -0.00007979
     atom    2 type  2   force =     0.00000000    0.00000000    0.00007979
     The non-local contrib.  to forces
     atom    1 type  1   force =     0.00000000    0.00000000   -1.09618501
     atom    2 type  2   force =     0.00000000    0.00000000   -0.12245765
     The ionic contribution  to forces
     atom    1 type  1   force =     0.00000000    0.00000000   -7.26593381
     atom    2 type  2   force =     0.00000000    0.00000000    7.26593381
     The local contribution  to forces
     atom    1 type  1   force =     0.00000000    0.00000000    8.36203322
     atom    2 type  2   force =    -0.00000000   -0.00000000   -7.14700179
     The core correction contribution to forces
     atom    1 type  1   force =     0.00000000    0.00000000    0.00000000
     atom    2 type  2   force =     0.00000000    0.00000000    0.00358572
     The Hubbard contrib.    to forces
     atom    1 type  1   force =     0.00000000    0.00000000    0.00000000
     atom    2 type  2   force =     0.00000000    0.00000000    0.00000000
     The SCF correction term to forces
     atom    1 type  1   force =     0.00000000    0.00000000   -0.00000218
     atom    2 type  2   force =    -0.00000000    0.00000000    0.00001172

     Total force =     0.000113     Total SCF correction =     0.000012
     SCF correction compared to forces is large: reduce conv_thr to get better values


     Computing stress (Cartesian axis) and pressure


     negative rho (up, down):  5.518E-05 0.000E+00
          total   stress  (Ry/bohr**3)                   (kbar)     P=        0.06
   0.00000367   0.00000000   0.00000000            0.54        0.00        0.00
   0.00000000   0.00000367   0.00000000            0.00        0.54        0.00
   0.00000000   0.00000000  -0.00000612            0.00        0.00       -0.90

     kinetic stress (kbar)    599.24      0.00      0.00
                                0.00    599.24      0.00
                                0.00      0.00    557.37

     local   stress (kbar)  -1490.69      0.00     -0.00
                                0.00  -1490.69     -0.00
                               -0.00     -0.00  -2224.23

     nonloc. stress (kbar)    329.76      0.00      0.00
                                0.00    329.76      0.00
                                0.00      0.00    329.43

     hartree stress (kbar)   1194.74     -0.00     -0.00
                               -0.00   1194.74      0.00
                               -0.00      0.00   1390.35

     exc-cor stress (kbar)   -115.32     -0.00      0.00
                               -0.00   -115.32     -0.00
                                0.00     -0.00   -114.69

     corecor stress (kbar)   -146.75     -0.00     -0.00
                               -0.00   -146.75     -0.00
                               -0.00     -0.00   -146.17

     ewald   stress (kbar)   -370.44      0.00      0.00
                                0.00   -370.44      0.00
                                0.00      0.00    207.05

     hubbard stress (kbar)      0.00      0.00      0.00
                                0.00      0.00      0.00
                                0.00      0.00      0.00

     london  stress (kbar)      0.00      0.00      0.00
                                0.00      0.00      0.00
                                0.00      0.00      0.00

     DFT-D3  stress (kbar)      0.00      0.00      0.00
                                0.00      0.00      0.00
                                0.00      0.00      0.00

     XDM     stress (kbar)      0.00      0.00      0.00
                                0.00      0.00      0.00
                                0.00      0.00      0.00

     dft-nl  stress (kbar)      0.00      0.00      0.00
                                0.00      0.00      0.00
                                0.00      0.00      0.00

     TS-vdW  stress (kbar)      0.00      0.00      0.00
                                0.00      0.00      0.00
                                0.00      0.00      0.00



     Writing output data file /wrk/kfg/julia_data/MgS/dimer.in_vnscf_coords_5/qe.save/
 
     init_run     :      1.39s CPU      1.51s WALL (       1 calls)
     electrons    :     58.26s CPU     63.55s WALL (       1 calls)
     forces       :      0.73s CPU      0.78s WALL (       1 calls)
     stress       :      2.15s CPU      2.32s WALL (       1 calls)

     Called by init_run:
     wfcinit      :      0.42s CPU      0.45s WALL (       1 calls)
     wfcinit:atom :      0.01s CPU      0.01s WALL (      18 calls)
     wfcinit:wfcr :      0.36s CPU      0.39s WALL (      18 calls)
     potinit      :      0.22s CPU      0.23s WALL (       1 calls)
     hinit0       :      0.49s CPU      0.51s WALL (       1 calls)

     Called by electrons:
     c_bands      :     21.50s CPU     22.82s WALL (      18 calls)
     sum_band     :      8.66s CPU      9.77s WALL (      18 calls)
     v_of_rho     :      0.99s CPU      1.04s WALL (      19 calls)
     v_h          :      0.05s CPU      0.06s WALL (      19 calls)
     v_xc         :      1.03s CPU      1.08s WALL (      21 calls)
     newd         :      3.71s CPU      4.56s WALL (      19 calls)
     mix_rho      :     23.55s CPU     25.53s WALL (      18 calls)

     Called by c_bands:
     init_us_2    :      1.11s CPU      1.13s WALL (     702 calls)
     cegterg      :     17.79s CPU     19.09s WALL (     324 calls)

     Called by sum_band:
     sum_band:bec :      0.00s CPU      0.01s WALL (     324 calls)
     addusdens    :      4.90s CPU      5.75s WALL (      18 calls)

     Called by *egterg:
     h_psi        :     13.51s CPU     14.75s WALL (    1330 calls)
     s_psi        :      0.59s CPU      0.60s WALL (    1330 calls)
     g_psi        :      0.16s CPU      0.16s WALL (     988 calls)
     cdiaghg      :      1.61s CPU      1.64s WALL (    1312 calls)
     cegterg:over :      0.84s CPU      0.85s WALL (     988 calls)
     cegterg:upda :      0.71s CPU      0.72s WALL (     988 calls)
     cegterg:last :      0.25s CPU      0.25s WALL (     324 calls)
     cdiaghg:chol :      0.15s CPU      0.16s WALL (    1312 calls)
     cdiaghg:inve :      0.04s CPU      0.04s WALL (    1312 calls)
     cdiaghg:para :      0.17s CPU      0.17s WALL (    2624 calls)

     Called by h_psi:
     h_psi:calbec :      0.75s CPU      0.81s WALL (    1330 calls)
     vloc_psi     :     12.08s CPU     13.26s WALL (    1330 calls)
     add_vuspsi   :      0.59s CPU      0.61s WALL (    1330 calls)

     General routines
     calbec       :      1.06s CPU      1.13s WALL (    1744 calls)
     fft          :      0.54s CPU      0.61s WALL (     270 calls)
     ffts         :     11.97s CPU     13.68s WALL (   10378 calls)
     fftw         :     13.19s CPU     14.47s WALL (   22824 calls)
     interpolate  :      0.07s CPU      0.08s WALL (      19 calls)
 
     Parallel routines
     fft_scatt_xy :      2.63s CPU      2.93s WALL (   33472 calls)
     fft_scatt_yz :     10.07s CPU     11.77s WALL (   33472 calls)
 
     PWSCF        :   1m 2.66s CPU   1m 8.58s WALL

 
   This run was terminated on:  21:32:41  16Apr2020            

=------------------------------------------------------------------------------=
   JOB DONE.
=------------------------------------------------------------------------------=
