
     Program PWSCF v.6.5 starts on 25Jun2021 at 16:16:57 

     This program is part of the open-source Quantum ESPRESSO suite
     for quantum simulation of materials; please cite
         "P. Giannozzi et al., J. Phys.:Condens. Matter 21 395502 (2009);
         "P. Giannozzi et al., J. Phys.:Condens. Matter 29 465901 (2017);
          URL http://www.quantum-espresso.org", 
     in publications or presentations arising from this work. More details at
     http://www.quantum-espresso.org/quote

     Parallel version (MPI), running on    12 processors

     MPI processes distributed on     1 nodes
     R & G space division:  proc/nbgrp/npool/nimage =      12
     Reading input from dimer.in_vnscf_coords_4/qe.in
Warning: card &IONS ignored
Warning: card   ION_DYNAMICS='BFGS', ignored
Warning: card / ignored
Warning: card &CELL ignored
Warning: card  CELL_DYNAMICS = 'BFGS' ignored
Warning: card  CELL_DOFREE = 'ALL' ignored
Warning: card  CELL_FACTOR = 1.0 ignored
Warning: card / ignored
     Message from routine read_cards :
     DEPRECATED: no units specified in CELL_PARAMETERS card

     Current dimensions of program PWSCF are:
     Max number of different atomic species (ntypx) = 10
     Max number of k-points (npk) =  40000
     Max angular momentum in pseudopotentials (lmaxx) =  3
               file mg.pbesol.UPF: wavefunction(s)  3P renormalized

     Subspace diagonalization in iterative solution of the eigenvalue problem:
     one sub-group per band group will be used
     scalapack distributed-memory algorithm (size of sub-group:  3*  3 procs)

     Message from routine setup:
     using ibrav=0 with symmetry is DISCOURAGED, use correct ibrav instead
 
     Parallelization info
     --------------------
     sticks:   dense  smooth     PW     G-vecs:    dense   smooth      PW
     Min         325     233     64                21812    13325    1942
     Max         327     234     65                21815    13330    1947
     Sum        3909    2801    777               261761   159925   23349
 


     bravais-lattice index     =            0
     lattice parameter (alat)  =      14.0000  a.u.
     unit-cell volume          =    3920.0000 (a.u.)^3
     number of atoms/cell      =            2
     number of atomic types    =            2
     number of electrons       =        16.00
     number of Kohn-Sham states=           12
     kinetic-energy cutoff     =      45.0000  Ry
     charge density cutoff     =     250.0000  Ry
     convergence threshold     =      1.0E-09
     mixing beta               =       0.3000
     number of iterations used =            8  local-TF  mixing
     Exchange-correlation= SLA  PW   PSX  PSC
                           (   1   4  10   8   0   0   0)
     A smooth kinetic-energy cutoff is imposed at      44.5000 Ry
     height of the smooth step-function =             800.0000 Ry
     width of the smooth step-function  =               1.0000 Ry


     celldm(1)=  14.000000  celldm(2)=   0.000000  celldm(3)=   0.000000
     celldm(4)=   0.000000  celldm(5)=   0.000000  celldm(6)=   0.000000

     crystal axes: (cart. coord. in units of alat)
               a(1) = (   1.000000   0.000000   0.000000 )  
               a(2) = (   0.000000   1.000000   0.000000 )  
               a(3) = (   0.000000   0.000000   1.428571 )  

     reciprocal axes: (cart. coord. in units 2 pi/alat)
               b(1) = (  1.000000  0.000000  0.000000 )  
               b(2) = (  0.000000  1.000000  0.000000 )  
               b(3) = (  0.000000  0.000000  0.700000 )  


     PseudoPot. # 1 for Mg read from file:
     /home/kfg/codes/ThreeBodyTB.jl/src/../pseudo/gbrv_pbesol/mg.pbesol.UPF
     MD5 check sum: cbba17e5274afd115179030b10be074e
     Pseudo is Ultrasoft, Zval = 10.0
     Generated by new atomic code, or converted to UPF format
     Using radial grid of  821 points,  7 beta functions with: 
                l(1) =   0
                l(2) =   0
                l(3) =   0
                l(4) =   1
                l(5) =   1
                l(6) =   2
                l(7) =   2
     Q(r) pseudized with  8 coefficients,  rinner =    1.200   1.200   1.200
                                                       1.200   1.200

     PseudoPot. # 2 for S  read from file:
     /home/kfg/codes/ThreeBodyTB.jl/src/../pseudo/gbrv_pbesol/s.pbesol.UPF
     MD5 check sum: 0ccfa86ec6eb59065d10aaae963ef2a7
     Pseudo is Ultrasoft + core correction, Zval =  6.0
     Generated by new atomic code, or converted to UPF format
     Using radial grid of  907 points,  6 beta functions with: 
                l(1) =   0
                l(2) =   0
                l(3) =   1
                l(4) =   1
                l(5) =   2
                l(6) =   2
     Q(r) pseudized with  8 coefficients,  rinner =    1.300   1.300   1.300
                                                       1.300   1.300

     atomic species   valence    mass     pseudopotential
        Mg            10.00    24.31000     Mg( 1.00)
        S              6.00    32.06000     S ( 1.00)

      8 Sym. Ops. (no inversion) found


                                    s                        frac. trans.

      isym =  1     identity                                     

 cryst.   s( 1) = (     1          0          0      )
                  (     0          1          0      )
                  (     0          0          1      )

 cart.    s( 1) = (  1.0000000  0.0000000  0.0000000 )
                  (  0.0000000  1.0000000  0.0000000 )
                  (  0.0000000  0.0000000  1.0000000 )


      isym =  2     180 deg rotation - cart. axis [0,0,1]        

 cryst.   s( 2) = (    -1          0          0      )
                  (     0         -1          0      )
                  (     0          0          1      )

 cart.    s( 2) = ( -1.0000000  0.0000000  0.0000000 )
                  (  0.0000000 -1.0000000  0.0000000 )
                  (  0.0000000  0.0000000  1.0000000 )


      isym =  3      90 deg rotation - cart. axis [0,0,-1]       

 cryst.   s( 3) = (     0         -1          0      )
                  (     1          0          0      )
                  (     0          0          1      )

 cart.    s( 3) = (  0.0000000  1.0000000  0.0000000 )
                  ( -1.0000000  0.0000000  0.0000000 )
                  (  0.0000000  0.0000000  1.0000000 )


      isym =  4      90 deg rotation - cart. axis [0,0,1]        

 cryst.   s( 4) = (     0          1          0      )
                  (    -1          0          0      )
                  (     0          0          1      )

 cart.    s( 4) = (  0.0000000 -1.0000000  0.0000000 )
                  (  1.0000000  0.0000000  0.0000000 )
                  (  0.0000000  0.0000000  1.0000000 )


      isym =  5     inv. 180 deg rotation - cart. axis [0,1,0]   

 cryst.   s( 5) = (     1          0          0      )
                  (     0         -1          0      )
                  (     0          0          1      )

 cart.    s( 5) = (  1.0000000  0.0000000  0.0000000 )
                  (  0.0000000 -1.0000000  0.0000000 )
                  (  0.0000000  0.0000000  1.0000000 )


      isym =  6     inv. 180 deg rotation - cart. axis [1,0,0]   

 cryst.   s( 6) = (    -1          0          0      )
                  (     0          1          0      )
                  (     0          0          1      )

 cart.    s( 6) = ( -1.0000000  0.0000000  0.0000000 )
                  (  0.0000000  1.0000000  0.0000000 )
                  (  0.0000000  0.0000000  1.0000000 )


      isym =  7     inv. 180 deg rotation - cart. axis [1,1,0]   

 cryst.   s( 7) = (     0         -1          0      )
                  (    -1          0          0      )
                  (     0          0          1      )

 cart.    s( 7) = (  0.0000000 -1.0000000  0.0000000 )
                  ( -1.0000000  0.0000000  0.0000000 )
                  (  0.0000000  0.0000000  1.0000000 )


      isym =  8     inv. 180 deg rotation - cart. axis [1,-1,0]  

 cryst.   s( 8) = (     0          1          0      )
                  (     1          0          0      )
                  (     0          0          1      )

 cart.    s( 8) = (  0.0000000  1.0000000  0.0000000 )
                  (  1.0000000  0.0000000  0.0000000 )
                  (  0.0000000  0.0000000  1.0000000 )


   Cartesian axes

     site n.     atom                  positions (alat units)
         1           Mg  tau(   1) = (   0.0000000   0.0000000  -0.1400781  )
         2           S   tau(   2) = (   0.0000000   0.0000000   0.1400781  )

   Crystallographic axes

     site n.     atom                  positions (cryst. coord.)
         1           Mg  tau(   1) = (  0.0000000  0.0000000 -0.0980547  )
         2           S   tau(   2) = (  0.0000000  0.0000000  0.0980547  )

     number of k points=    18  Gaussian smearing, width (Ry)=  0.0100
                       cart. coord. in units 2pi/alat
        k(    1) = (   0.0000000   0.0000000   0.0000000), wk =   0.0312500
        k(    2) = (   0.0000000   0.0000000   0.1750000), wk =   0.0625000
        k(    3) = (   0.0000000   0.0000000  -0.3500000), wk =   0.0312500
        k(    4) = (   0.0000000   0.2500000   0.0000000), wk =   0.1250000
        k(    5) = (   0.0000000   0.2500000   0.1750000), wk =   0.2500000
        k(    6) = (   0.0000000   0.2500000  -0.3500000), wk =   0.1250000
        k(    7) = (   0.0000000  -0.5000000   0.0000000), wk =   0.0625000
        k(    8) = (   0.0000000  -0.5000000   0.1750000), wk =   0.1250000
        k(    9) = (   0.0000000  -0.5000000  -0.3500000), wk =   0.0625000
        k(   10) = (   0.2500000   0.2500000   0.0000000), wk =   0.1250000
        k(   11) = (   0.2500000   0.2500000   0.1750000), wk =   0.2500000
        k(   12) = (   0.2500000   0.2500000  -0.3500000), wk =   0.1250000
        k(   13) = (   0.2500000  -0.5000000   0.0000000), wk =   0.1250000
        k(   14) = (   0.2500000  -0.5000000   0.1750000), wk =   0.2500000
        k(   15) = (   0.2500000  -0.5000000  -0.3500000), wk =   0.1250000
        k(   16) = (  -0.5000000  -0.5000000   0.0000000), wk =   0.0312500
        k(   17) = (  -0.5000000  -0.5000000   0.1750000), wk =   0.0625000
        k(   18) = (  -0.5000000  -0.5000000  -0.3500000), wk =   0.0312500

                       cryst. coord.
        k(    1) = (   0.0000000   0.0000000   0.0000000), wk =   0.0312500
        k(    2) = (   0.0000000   0.0000000   0.2500000), wk =   0.0625000
        k(    3) = (   0.0000000   0.0000000  -0.5000000), wk =   0.0312500
        k(    4) = (   0.0000000   0.2500000   0.0000000), wk =   0.1250000
        k(    5) = (   0.0000000   0.2500000   0.2500000), wk =   0.2500000
        k(    6) = (   0.0000000   0.2500000  -0.5000000), wk =   0.1250000
        k(    7) = (   0.0000000  -0.5000000   0.0000000), wk =   0.0625000
        k(    8) = (   0.0000000  -0.5000000   0.2500000), wk =   0.1250000
        k(    9) = (   0.0000000  -0.5000000  -0.5000000), wk =   0.0625000
        k(   10) = (   0.2500000   0.2500000   0.0000000), wk =   0.1250000
        k(   11) = (   0.2500000   0.2500000   0.2500000), wk =   0.2500000
        k(   12) = (   0.2500000   0.2500000  -0.5000000), wk =   0.1250000
        k(   13) = (   0.2500000  -0.5000000   0.0000000), wk =   0.1250000
        k(   14) = (   0.2500000  -0.5000000   0.2500000), wk =   0.2500000
        k(   15) = (   0.2500000  -0.5000000  -0.5000000), wk =   0.1250000
        k(   16) = (  -0.5000000  -0.5000000   0.0000000), wk =   0.0312500
        k(   17) = (  -0.5000000  -0.5000000   0.2500000), wk =   0.0625000
        k(   18) = (  -0.5000000  -0.5000000  -0.5000000), wk =   0.0312500

     Dense  grid:   261761 G-vectors     FFT dimensions: (  72,  72, 108)

     Smooth grid:   159925 G-vectors     FFT dimensions: (  60,  60,  90)

     Dynamical RAM for                 wfc:       0.30 MB

     Dynamical RAM for     wfc (w. buffer):       5.79 MB

     Dynamical RAM for           str. fact:       0.67 MB

     Dynamical RAM for           local pot:       0.00 MB

     Dynamical RAM for          nlocal pot:       0.94 MB

     Dynamical RAM for                qrad:       7.53 MB

     Dynamical RAM for          rho,v,vnew:       2.07 MB

     Dynamical RAM for               rhoin:       0.69 MB

     Dynamical RAM for            rho*nmix:       5.33 MB

     Dynamical RAM for           G-vectors:       1.35 MB

     Dynamical RAM for          h,s,v(r/c):       0.01 MB

     Dynamical RAM for          <psi|beta>:       0.01 MB

     Dynamical RAM for                 psi:       1.22 MB

     Dynamical RAM for                hpsi:       1.22 MB

     Dynamical RAM for                spsi:       1.22 MB

     Dynamical RAM for      wfcinit/wfcrot:       0.61 MB

     Dynamical RAM for           addusdens:      68.57 MB

     Dynamical RAM for          addusforce:      69.75 MB

     Dynamical RAM for         addusstress:      73.23 MB

     Estimated static dynamical RAM per process >      27.14 MB

     Estimated max dynamical RAM per process >     100.37 MB

     Estimated total dynamical RAM >       1.18 GB

     Initial potential from superposition of free atoms

     starting charge   15.69974, renormalised to   16.00000

     negative rho (up, down):  3.387E-05 0.000E+00
     Starting wfcs are   12 randomized atomic wfcs

     total cpu time spent up to now is        1.0 secs

     Self-consistent Calculation

     iteration #  1     ecut=    45.00 Ry     beta= 0.30
     Davidson diagonalization with overlap
     ethr =  1.00E-02,  avg # of iterations =  5.1

     negative rho (up, down):  3.999E-05 0.000E+00

     total cpu time spent up to now is        3.9 secs

     total energy              =    -149.08862942 Ry
     Harris-Foulkes estimate   =    -149.17363283 Ry
     estimated scf accuracy    <       0.69323204 Ry

     iteration #  2     ecut=    45.00 Ry     beta= 0.30
     Davidson diagonalization with overlap
     ethr =  4.33E-03,  avg # of iterations =  1.0

     negative rho (up, down):  8.944E-03 0.000E+00

     total cpu time spent up to now is        5.9 secs

     total energy              =    -148.85909096 Ry
     Harris-Foulkes estimate   =    -149.09983293 Ry
     estimated scf accuracy    <       0.48344191 Ry

     iteration #  3     ecut=    45.00 Ry     beta= 0.30
     Davidson diagonalization with overlap
     ethr =  3.02E-03,  avg # of iterations =  2.0

     negative rho (up, down):  7.005E-03 0.000E+00

     total cpu time spent up to now is        7.9 secs

     total energy              =    -148.93939066 Ry
     Harris-Foulkes estimate   =    -148.96288670 Ry
     estimated scf accuracy    <       0.09989490 Ry

     iteration #  4     ecut=    45.00 Ry     beta= 0.30
     Davidson diagonalization with overlap
     ethr =  6.24E-04,  avg # of iterations =  2.1

     negative rho (up, down):  2.025E-02 0.000E+00

     total cpu time spent up to now is        9.8 secs

     total energy              =    -148.93015875 Ry
     Harris-Foulkes estimate   =    -148.96695540 Ry
     estimated scf accuracy    <       0.07354105 Ry

     iteration #  5     ecut=    45.00 Ry     beta= 0.30
     Davidson diagonalization with overlap
     ethr =  4.60E-04,  avg # of iterations =  3.3

     negative rho (up, down):  1.613E-02 0.000E+00

     total cpu time spent up to now is       12.2 secs

     total energy              =    -148.94272298 Ry
     Harris-Foulkes estimate   =    -148.94366731 Ry
     estimated scf accuracy    <       0.00856135 Ry

     iteration #  6     ecut=    45.00 Ry     beta= 0.30
     Davidson diagonalization with overlap
     ethr =  5.35E-05,  avg # of iterations =  5.6

     negative rho (up, down):  5.454E-03 0.000E+00

     total cpu time spent up to now is       15.1 secs

     total energy              =    -148.94365075 Ry
     Harris-Foulkes estimate   =    -148.94341041 Ry
     estimated scf accuracy    <       0.00193729 Ry

     iteration #  7     ecut=    45.00 Ry     beta= 0.30
     Davidson diagonalization with overlap
     ethr =  1.21E-05,  avg # of iterations =  3.6

     negative rho (up, down):  1.796E-03 0.000E+00

     total cpu time spent up to now is       17.8 secs

     total energy              =    -148.94376217 Ry
     Harris-Foulkes estimate   =    -148.94388923 Ry
     estimated scf accuracy    <       0.00035658 Ry

     iteration #  8     ecut=    45.00 Ry     beta= 0.30
     Davidson diagonalization with overlap
     ethr =  2.23E-06,  avg # of iterations =  5.2

     negative rho (up, down):  1.651E-04 0.000E+00

     total cpu time spent up to now is       20.8 secs

     total energy              =    -148.94377135 Ry
     Harris-Foulkes estimate   =    -148.94400025 Ry
     estimated scf accuracy    <       0.00082505 Ry

     iteration #  9     ecut=    45.00 Ry     beta= 0.30
     Davidson diagonalization with overlap
     ethr =  2.23E-06,  avg # of iterations =  4.1

     negative rho (up, down):  3.372E-06 0.000E+00

     total cpu time spent up to now is       23.5 secs

     total energy              =    -148.94389206 Ry
     Harris-Foulkes estimate   =    -148.94388132 Ry
     estimated scf accuracy    <       0.00001398 Ry

     iteration # 10     ecut=    45.00 Ry     beta= 0.30
     Davidson diagonalization with overlap
     ethr =  8.74E-08,  avg # of iterations =  6.1

     negative rho (up, down):  7.459E-06 0.000E+00

     total cpu time spent up to now is       25.9 secs

     total energy              =    -148.94389717 Ry
     Harris-Foulkes estimate   =    -148.94389435 Ry
     estimated scf accuracy    <       0.00000438 Ry

     iteration # 11     ecut=    45.00 Ry     beta= 0.30
     Davidson diagonalization with overlap
     ethr =  2.74E-08,  avg # of iterations =  2.2

     negative rho (up, down):  7.740E-05 0.000E+00

     total cpu time spent up to now is       28.4 secs

     total energy              =    -148.94389951 Ry
     Harris-Foulkes estimate   =    -148.94389748 Ry
     estimated scf accuracy    <       0.00000230 Ry

     iteration # 12     ecut=    45.00 Ry     beta= 0.30
     Davidson diagonalization with overlap
     ethr =  1.44E-08,  avg # of iterations =  6.4

     negative rho (up, down):  8.647E-05 0.000E+00

     total cpu time spent up to now is       31.2 secs

     total energy              =    -148.94389940 Ry
     Harris-Foulkes estimate   =    -148.94389973 Ry
     estimated scf accuracy    <       0.00000049 Ry

     iteration # 13     ecut=    45.00 Ry     beta= 0.30
     Davidson diagonalization with overlap
     ethr =  3.04E-09,  avg # of iterations =  2.0

     negative rho (up, down):  4.954E-05 0.000E+00

     total cpu time spent up to now is       34.0 secs

     total energy              =    -148.94389943 Ry
     Harris-Foulkes estimate   =    -148.94389946 Ry
     estimated scf accuracy    <       0.00000067 Ry

     iteration # 14     ecut=    45.00 Ry     beta= 0.30
     Davidson diagonalization with overlap
     ethr =  3.04E-09,  avg # of iterations =  2.0

     negative rho (up, down):  5.581E-05 0.000E+00

     total cpu time spent up to now is       36.5 secs

     total energy              =    -148.94389959 Ry
     Harris-Foulkes estimate   =    -148.94389954 Ry
     estimated scf accuracy    <       0.00000004 Ry

     iteration # 15     ecut=    45.00 Ry     beta= 0.30
     Davidson diagonalization with overlap
     ethr =  2.58E-10,  avg # of iterations =  2.6

     negative rho (up, down):  5.950E-05 0.000E+00

     total cpu time spent up to now is       38.9 secs

     total energy              =    -148.94389961 Ry
     Harris-Foulkes estimate   =    -148.94389959 Ry
     estimated scf accuracy    <       0.00000001 Ry

     iteration # 16     ecut=    45.00 Ry     beta= 0.30
     Davidson diagonalization with overlap
     ethr =  8.82E-11,  avg # of iterations =  2.7

     negative rho (up, down):  5.924E-05 0.000E+00

     total cpu time spent up to now is       41.6 secs

     total energy              =    -148.94389963 Ry
     Harris-Foulkes estimate   =    -148.94389961 Ry
     estimated scf accuracy    <          6.0E-09 Ry

     iteration # 17     ecut=    45.00 Ry     beta= 0.30
     Davidson diagonalization with overlap
     ethr =  3.73E-11,  avg # of iterations =  2.1

     negative rho (up, down):  6.128E-05 0.000E+00

     total cpu time spent up to now is       42.9 secs

     End of self-consistent calculation

          k = 0.0000 0.0000 0.0000 ( 19923 PWs)   bands (ev):

   -80.2398 -47.2149 -47.1846 -47.1846 -14.2080  -5.7938  -4.1339  -4.1339
    -3.4925  -0.2939  -0.2939   0.2611

     occupation numbers 
     1.0000   1.0000   1.0000   1.0000   1.0000   1.0000   0.9998   0.9998
     0.0010   0.0000   0.0000   0.0000

          k = 0.0000 0.0000 0.1750 ( 19971 PWs)   bands (ev):

   -80.2398 -47.2149 -47.1846 -47.1846 -14.2080  -5.7947  -4.1338  -4.1338
    -3.4866  -0.2970  -0.2970   0.2125

     occupation numbers 
     1.0000   1.0000   1.0000   1.0000   1.0000   1.0000   0.9998   0.9998
     0.0008   0.0000   0.0000   0.0000

          k = 0.0000 0.0000-0.3500 ( 19978 PWs)   bands (ev):

   -80.2398 -47.2149 -47.1846 -47.1846 -14.2080  -5.7955  -4.1337  -4.1337
    -3.4807  -0.3001  -0.3001   0.1477

     occupation numbers 
     1.0000   1.0000   1.0000   1.0000   1.0000   1.0000   0.9998   0.9998
     0.0007   0.0000   0.0000   0.0000

          k = 0.0000 0.2500 0.0000 ( 19968 PWs)   bands (ev):

   -80.2398 -47.2149 -47.1846 -47.1846 -14.2079  -5.7906  -4.1484  -4.1326
    -3.4706  -0.6363  -0.2645   0.5806

     occupation numbers 
     1.0000   1.0000   1.0000   1.0000   1.0000   1.0000   0.9999   0.9998
     0.0005   0.0000   0.0000   0.0000

          k = 0.0000 0.2500 0.1750 ( 19980 PWs)   bands (ev):

   -80.2398 -47.2149 -47.1846 -47.1846 -14.2079  -5.7914  -4.1483  -4.1325
    -3.4650  -0.6389  -0.2675   0.4090

     occupation numbers 
     1.0000   1.0000   1.0000   1.0000   1.0000   1.0000   0.9999   0.9998
     0.0004   0.0000   0.0000   0.0000

          k = 0.0000 0.2500-0.3500 ( 19962 PWs)   bands (ev):

   -80.2398 -47.2149 -47.1846 -47.1846 -14.2079  -5.7922  -4.1482  -4.1325
    -3.4594  -0.6415  -0.2704   0.3066

     occupation numbers 
     1.0000   1.0000   1.0000   1.0000   1.0000   1.0000   0.9999   0.9998
     0.0003   0.0000   0.0000   0.0000

          k = 0.0000-0.5000 0.0000 ( 20022 PWs)   bands (ev):

   -80.2398 -47.2149 -47.1846 -47.1846 -14.2078  -5.7873  -4.1626  -4.1313
    -3.4482  -0.8499  -0.2330   0.8762

     occupation numbers 
     1.0000   1.0000   1.0000   1.0000   1.0000   1.0000   0.9999   0.9998
     0.0002   0.0000   0.0000   0.0000

          k = 0.0000-0.5000 0.1750 ( 19978 PWs)   bands (ev):

   -80.2398 -47.2149 -47.1846 -47.1846 -14.2078  -5.7881  -4.1625  -4.1313
    -3.4429  -0.8534  -0.2359   0.6817

     occupation numbers 
     1.0000   1.0000   1.0000   1.0000   1.0000   1.0000   0.9999   0.9998
     0.0002   0.0000   0.0000   0.0000

          k = 0.0000-0.5000-0.3500 ( 19976 PWs)   bands (ev):

   -80.2398 -47.2149 -47.1846 -47.1846 -14.2078  -5.7889  -4.1623  -4.1312
    -3.4376  -0.8570  -0.2387   0.5718

     occupation numbers 
     1.0000   1.0000   1.0000   1.0000   1.0000   1.0000   0.9999   0.9998
     0.0001   0.0000   0.0000   0.0000

          k = 0.2500 0.2500 0.0000 ( 19983 PWs)   bands (ev):

   -80.2398 -47.2149 -47.1846 -47.1846 -14.2078  -5.7874  -4.1474  -4.1463
    -3.4499  -0.6188  -0.5374   0.7820

     occupation numbers 
     1.0000   1.0000   1.0000   1.0000   1.0000   1.0000   0.9999   0.9999
     0.0002   0.0000   0.0000   0.0000

          k = 0.2500 0.2500 0.1750 ( 19985 PWs)   bands (ev):

   -80.2398 -47.2149 -47.1846 -47.1846 -14.2078  -5.7882  -4.1473  -4.1462
    -3.4446  -0.6214  -0.5409   0.5723

     occupation numbers 
     1.0000   1.0000   1.0000   1.0000   1.0000   1.0000   0.9999   0.9999
     0.0002   0.0000   0.0000   0.0000

          k = 0.2500 0.2500-0.3500 ( 19980 PWs)   bands (ev):

   -80.2398 -47.2149 -47.1846 -47.1846 -14.2078  -5.7890  -4.1472  -4.1461
    -3.4392  -0.6240  -0.5445   0.4620

     occupation numbers 
     1.0000   1.0000   1.0000   1.0000   1.0000   1.0000   0.9999   0.9999
     0.0001   0.0000   0.0000   0.0000

          k = 0.2500-0.5000 0.0000 ( 20020 PWs)   bands (ev):

   -80.2398 -47.2149 -47.1846 -47.1846 -14.2077  -5.7843  -4.1607  -4.1452
    -3.4286  -0.7880  -0.5163   1.0130

     occupation numbers 
     1.0000   1.0000   1.0000   1.0000   1.0000   1.0000   0.9999   0.9999
     0.0001   0.0000   0.0000   0.0000

          k = 0.2500-0.5000 0.1750 ( 19978 PWs)   bands (ev):

   -80.2398 -47.2149 -47.1846 -47.1846 -14.2077  -5.7850  -4.1605  -4.1451
    -3.4236  -0.7917  -0.5197   0.8323

     occupation numbers 
     1.0000   1.0000   1.0000   1.0000   1.0000   1.0000   0.9999   0.9999
     0.0001   0.0000   0.0000   0.0000

          k = 0.2500-0.5000-0.3500 ( 19992 PWs)   bands (ev):

   -80.2398 -47.2149 -47.1846 -47.1846 -14.2077  -5.7858  -4.1604  -4.1450
    -3.4185  -0.7954  -0.5232   0.7192

     occupation numbers 
     1.0000   1.0000   1.0000   1.0000   1.0000   1.0000   0.9999   0.9999
     0.0001   0.0000   0.0000   0.0000

          k =-0.5000-0.5000 0.0000 ( 20028 PWs)   bands (ev):

   -80.2398 -47.2149 -47.1846 -47.1846 -14.2077  -5.7812  -4.1587  -4.1587
    -3.4086  -0.7146  -0.7146   0.8654

     occupation numbers 
     1.0000   1.0000   1.0000   1.0000   1.0000   1.0000   0.9999   0.9999
     0.0000   0.0000   0.0000   0.0000

          k =-0.5000-0.5000 0.1750 ( 19944 PWs)   bands (ev):

   -80.2398 -47.2149 -47.1846 -47.1846 -14.2077  -5.7819  -4.1586  -4.1586
    -3.4039  -0.7187  -0.7187   1.0475

     occupation numbers 
     1.0000   1.0000   1.0000   1.0000   1.0000   1.0000   0.9999   0.9999
     0.0000   0.0000   0.0000   0.0000

          k =-0.5000-0.5000-0.3500 ( 20000 PWs)   bands (ev):

   -80.2398 -47.2149 -47.1846 -47.1846 -14.2077  -5.7827  -4.1585  -4.1585
    -3.3991  -0.7228  -0.7228   0.9392

     occupation numbers 
     1.0000   1.0000   1.0000   1.0000   1.0000   1.0000   0.9999   0.9999
     0.0000   0.0000   0.0000   0.0000

     the Fermi energy is    -3.7898 ev

!    total energy              =    -148.94389967 Ry
     Harris-Foulkes estimate   =    -148.94389963 Ry
     estimated scf accuracy    <          4.2E-10 Ry

     The total energy is the sum of the following terms:

     one-electron contribution =    -212.57380955 Ry
     hartree contribution      =     101.69130344 Ry
     xc contribution           =     -24.74528043 Ry
     ewald contribution        =     -13.31608897 Ry
     smearing contrib. (-TS)   =      -0.00002416 Ry

     convergence has been achieved in  17 iterations

     negative rho (up, down):  6.128E-05 0.000E+00

     Forces acting on atoms (cartesian axes, Ry/au):

     atom    1 type  1   force =     0.00000000    0.00000000   -0.04103547
     atom    2 type  2   force =     0.00000000    0.00000000    0.04103547
     The non-local contrib.  to forces
     atom    1 type  1   force =     0.00000000    0.00000000   -1.16226761
     atom    2 type  2   force =     0.00000000    0.00000000   -0.08501412
     The ionic contribution  to forces
     atom    1 type  1   force =    -0.00000000    0.00000000   -7.73494141
     atom    2 type  2   force =     0.00000000   -0.00000000    7.73494141
     The local contribution  to forces
     atom    1 type  1   force =     0.00000000    0.00000000    8.85613082
     atom    2 type  2   force =     0.00000000   -0.00000000   -7.60973434
     The core correction contribution to forces
     atom    1 type  1   force =     0.00000000    0.00000000    0.00000000
     atom    2 type  2   force =     0.00000000    0.00000000    0.00083399
     The Hubbard contrib.    to forces
     atom    1 type  1   force =     0.00000000    0.00000000    0.00000000
     atom    2 type  2   force =     0.00000000    0.00000000    0.00000000
     The SCF correction term to forces
     atom    1 type  1   force =    -0.00000000   -0.00000000    0.00004382
     atom    2 type  2   force =     0.00000000   -0.00000000    0.00000960

     Total force =     0.058033     Total SCF correction =     0.000045


     Computing stress (Cartesian axis) and pressure


     negative rho (up, down):  6.128E-05 0.000E+00
          total   stress  (Ry/bohr**3)                   (kbar)     P=        2.18
   0.00000364   0.00000000   0.00000000            0.54        0.00        0.00
   0.00000000   0.00000364   0.00000000            0.00        0.54        0.00
   0.00000000   0.00000000   0.00003712            0.00        0.00        5.46

     kinetic stress (kbar)    600.10      0.00      0.00
                                0.00    600.10      0.00
                                0.00      0.00    560.97

     local   stress (kbar)  -1508.50     -0.00     -0.00
                               -0.00  -1508.50     -0.00
                               -0.00     -0.00  -2259.58

     nonloc. stress (kbar)    330.18      0.00      0.00
                                0.00    330.18      0.00
                                0.00      0.00    331.41

     hartree stress (kbar)   1208.85     -0.00      0.00
                               -0.00   1208.85     -0.00
                                0.00     -0.00   1398.46

     exc-cor stress (kbar)   -115.70      0.00      0.00
                                0.00   -115.70     -0.00
                                0.00     -0.00   -115.02

     corecor stress (kbar)   -146.77     -0.00     -0.00
                               -0.00   -146.77     -0.00
                               -0.00     -0.00   -146.31

     ewald   stress (kbar)   -367.62     -0.00      0.00
                               -0.00   -367.62      0.00
                                0.00      0.00    235.53

     hubbard stress (kbar)      0.00      0.00      0.00
                                0.00      0.00      0.00
                                0.00      0.00      0.00

     london  stress (kbar)      0.00      0.00      0.00
                                0.00      0.00      0.00
                                0.00      0.00      0.00

     DFT-D3  stress (kbar)      0.00      0.00      0.00
                                0.00      0.00      0.00
                                0.00      0.00      0.00

     XDM     stress (kbar)      0.00      0.00      0.00
                                0.00      0.00      0.00
                                0.00      0.00      0.00

     dft-nl  stress (kbar)      0.00      0.00      0.00
                                0.00      0.00      0.00
                                0.00      0.00      0.00

     TS-vdW  stress (kbar)      0.00      0.00      0.00
                                0.00      0.00      0.00
                                0.00      0.00      0.00



     Writing output data file dimer.in_vnscf_coords_4/qe.save/
 
     init_run     :      0.83s CPU      0.90s WALL (       1 calls)
     electrons    :     38.51s CPU     42.05s WALL (       1 calls)
     forces       :      0.43s CPU      0.46s WALL (       1 calls)
     stress       :      1.26s CPU      1.35s WALL (       1 calls)

     Called by init_run:
     wfcinit      :      0.28s CPU      0.30s WALL (       1 calls)
     wfcinit:atom :      0.01s CPU      0.01s WALL (      18 calls)
     wfcinit:wfcr :      0.24s CPU      0.27s WALL (      18 calls)
     potinit      :      0.13s CPU      0.14s WALL (       1 calls)
     hinit0       :      0.22s CPU      0.23s WALL (       1 calls)

     Called by electrons:
     c_bands      :     13.82s CPU     14.69s WALL (      17 calls)
     sum_band     :      5.25s CPU      5.91s WALL (      17 calls)
     v_of_rho     :      0.52s CPU      0.55s WALL (      18 calls)
     v_h          :      0.03s CPU      0.04s WALL (      18 calls)
     v_xc         :      0.54s CPU      0.57s WALL (      20 calls)
     newd         :      2.38s CPU      2.89s WALL (      18 calls)
     mix_rho      :     16.64s CPU     17.92s WALL (      17 calls)

     Called by c_bands:
     init_us_2    :      0.43s CPU      0.44s WALL (     666 calls)
     cegterg      :     11.98s CPU     12.84s WALL (     306 calls)

     Called by sum_band:
     sum_band:bec :      0.00s CPU      0.00s WALL (     306 calls)
     addusdens    :      3.09s CPU      3.59s WALL (      17 calls)

     Called by *egterg:
     h_psi        :      8.67s CPU      9.49s WALL (    1368 calls)
     s_psi        :      0.22s CPU      0.23s WALL (    1368 calls)
     g_psi        :      0.06s CPU      0.06s WALL (    1044 calls)
     cdiaghg      :      1.77s CPU      1.79s WALL (    1350 calls)
     cegterg:over :      0.61s CPU      0.63s WALL (    1044 calls)
     cegterg:upda :      0.49s CPU      0.49s WALL (    1044 calls)
     cegterg:last :      0.14s CPU      0.14s WALL (     306 calls)
     cdiaghg:chol :      0.14s CPU      0.14s WALL (    1350 calls)
     cdiaghg:inve :      0.07s CPU      0.07s WALL (    1350 calls)
     cdiaghg:para :      0.14s CPU      0.14s WALL (    2700 calls)

     Called by h_psi:
     h_psi:calbec :      0.31s CPU      0.34s WALL (    1368 calls)
     vloc_psi     :      8.06s CPU      8.83s WALL (    1368 calls)
     add_vuspsi   :      0.24s CPU      0.26s WALL (    1368 calls)

     General routines
     calbec       :      0.43s CPU      0.46s WALL (    1764 calls)
     fft          :      0.39s CPU      0.43s WALL (     257 calls)
     ffts         :      9.29s CPU     10.33s WALL (   11237 calls)
     fftw         :      8.77s CPU      9.60s WALL (   22186 calls)
     interpolate  :      0.04s CPU      0.05s WALL (      18 calls)
 
     Parallel routines
     fft_scatt_xy :      1.67s CPU      1.84s WALL (   33680 calls)
     fft_scatt_yz :      8.27s CPU      9.26s WALL (   33680 calls)
 
     PWSCF        :     41.21s CPU     48.56s WALL

 
   This run was terminated on:  16:17:46  25Jun2021            

=------------------------------------------------------------------------------=
   JOB DONE.
=------------------------------------------------------------------------------=
